Archive member included to satisfy reference by file (symbol)

c:/progra~1/raspbe~1/picosd~1.1/gcc-ar~1/bin/../lib/gcc/arm-none-eabi/10.3.1/thumb/v6-m/nofp\libgcc.a(_thumb1_case_sqi.o)
                              CMakeFiles/pico-atari.dir/src/cartridge.c.obj (__gnu_thumb1_case_sqi)
c:/progra~1/raspbe~1/picosd~1.1/gcc-ar~1/bin/../lib/gcc/arm-none-eabi/10.3.1/thumb/v6-m/nofp\libgcc.a(_thumb1_case_uqi.o)
                              CMakeFiles/pico-atari.dir/src/afile.c.obj (__gnu_thumb1_case_uqi)
c:/progra~1/raspbe~1/picosd~1.1/gcc-ar~1/bin/../lib/gcc/arm-none-eabi/10.3.1/thumb/v6-m/nofp\libgcc.a(_thumb1_case_shi.o)
                              CMakeFiles/pico-atari.dir/src/ide.c.obj (__gnu_thumb1_case_shi)
c:/progra~1/raspbe~1/picosd~1.1/gcc-ar~1/bin/../lib/gcc/arm-none-eabi/10.3.1/thumb/v6-m/nofp\libgcc.a(_thumb1_case_uhi.o)
                              CMakeFiles/pico-atari.dir/src/antic.c.obj (__gnu_thumb1_case_uhi)
c:/progra~1/raspbe~1/picosd~1.1/gcc-ar~1/bin/../lib/gcc/arm-none-eabi/10.3.1/thumb/v6-m/nofp\libgcc.a(_thumb1_case_si.o)
                              CMakeFiles/pico-atari.dir/src/ui.c.obj (__gnu_thumb1_case_si)
c:/progra~1/raspbe~1/picosd~1.1/gcc-ar~1/bin/../lib/gcc/arm-none-eabi/10.3.1/thumb/v6-m/nofp\libgcc.a(_dvmd_tls.o)
                              CMakeFiles/pico-atari.dir/C_/Program_Files/Raspberry_Pi/Pico_SDK_v1.5.1/pico-sdk/src/rp2_common/pico_divider/divider.S.obj (__aeabi_idiv0)
c:/progra~1/raspbe~1/picosd~1.1/gcc-ar~1/bin/../lib/gcc/arm-none-eabi/10.3.1/thumb/v6-m/nofp\libgcc.a(_lshrdi3.o)
                              CMakeFiles/pico-atari.dir/C_/Program_Files/Raspberry_Pi/Pico_SDK_v1.5.1/pico-sdk/src/rp2_common/pico_double/double_math.c.obj (__aeabi_llsr)
c:/progra~1/raspbe~1/picosd~1.1/gcc-ar~1/bin/../lib/gcc/arm-none-eabi/10.3.1/thumb/v6-m/nofp\libgcc.a(_ashldi3.o)
                              CMakeFiles/pico-atari.dir/C_/Program_Files/Raspberry_Pi/Pico_SDK_v1.5.1/pico-sdk/src/rp2_common/pico_double/double_math.c.obj (__aeabi_llsl)
c:/progra~1/raspbe~1/picosd~1.1/gcc-ar~1/bin/../lib/gcc/arm-none-eabi/10.3.1/../../../../arm-none-eabi/lib/thumb/v6-m/nofp\libc.a(lib_a-atof.o)
                              CMakeFiles/pico-atari.dir/src/colours.c.obj (atof)
c:/progra~1/raspbe~1/picosd~1.1/gcc-ar~1/bin/../lib/gcc/arm-none-eabi/10.3.1/../../../../arm-none-eabi/lib/thumb/v6-m/nofp\libc.a(lib_a-atoi.o)
                              CMakeFiles/pico-atari.dir/src/ui.c.obj (atoi)
c:/progra~1/raspbe~1/picosd~1.1/gcc-ar~1/bin/../lib/gcc/arm-none-eabi/10.3.1/../../../../arm-none-eabi/lib/thumb/v6-m/nofp\libc.a(lib_a-calloc.o)
                              CMakeFiles/pico-atari.dir/C_/Program_Files/Raspberry_Pi/Pico_SDK_v1.5.1/pico-sdk/src/rp2_common/pico_malloc/pico_malloc.c.obj (calloc)
c:/progra~1/raspbe~1/picosd~1.1/gcc-ar~1/bin/../lib/gcc/arm-none-eabi/10.3.1/../../../../arm-none-eabi/lib/thumb/v6-m/nofp\libc.a(lib_a-callocr.o)
                              c:/progra~1/raspbe~1/picosd~1.1/gcc-ar~1/bin/../lib/gcc/arm-none-eabi/10.3.1/../../../../arm-none-eabi/lib/thumb/v6-m/nofp\libc.a(lib_a-calloc.o) (_calloc_r)
c:/progra~1/raspbe~1/picosd~1.1/gcc-ar~1/bin/../lib/gcc/arm-none-eabi/10.3.1/../../../../arm-none-eabi/lib/thumb/v6-m/nofp\libc.a(lib_a-ctype_.o)
                              CMakeFiles/pico-atari.dir/src/sysrom.c.obj (_ctype_)
c:/progra~1/raspbe~1/picosd~1.1/gcc-ar~1/bin/../lib/gcc/arm-none-eabi/10.3.1/../../../../arm-none-eabi/lib/thumb/v6-m/nofp\libc.a(lib_a-errno.o)
                              CMakeFiles/pico-atari.dir/src/ide.c.obj (__errno)
c:/progra~1/raspbe~1/picosd~1.1/gcc-ar~1/bin/../lib/gcc/arm-none-eabi/10.3.1/../../../../arm-none-eabi/lib/thumb/v6-m/nofp\libc.a(lib_a-fclose.o)
                              CMakeFiles/pico-atari.dir/src/afile.c.obj (fclose)
c:/progra~1/raspbe~1/picosd~1.1/gcc-ar~1/bin/../lib/gcc/arm-none-eabi/10.3.1/../../../../arm-none-eabi/lib/thumb/v6-m/nofp\libc.a(lib_a-fflush.o)
                              c:/progra~1/raspbe~1/picosd~1.1/gcc-ar~1/bin/../lib/gcc/arm-none-eabi/10.3.1/../../../../arm-none-eabi/lib/thumb/v6-m/nofp\libc.a(lib_a-fclose.o) (__sflush_r)
c:/progra~1/raspbe~1/picosd~1.1/gcc-ar~1/bin/../lib/gcc/arm-none-eabi/10.3.1/../../../../arm-none-eabi/lib/thumb/v6-m/nofp\libc.a(lib_a-fgetc.o)
                              CMakeFiles/pico-atari.dir/src/binload.c.obj (fgetc)
c:/progra~1/raspbe~1/picosd~1.1/gcc-ar~1/bin/../lib/gcc/arm-none-eabi/10.3.1/../../../../arm-none-eabi/lib/thumb/v6-m/nofp\libc.a(lib_a-fgets.o)
                              CMakeFiles/pico-atari.dir/src/cfg.c.obj (fgets)
c:/progra~1/raspbe~1/picosd~1.1/gcc-ar~1/bin/../lib/gcc/arm-none-eabi/10.3.1/../../../../arm-none-eabi/lib/thumb/v6-m/nofp\libc.a(lib_a-findfp.o)
                              c:/progra~1/raspbe~1/picosd~1.1/gcc-ar~1/bin/../lib/gcc/arm-none-eabi/10.3.1/../../../../arm-none-eabi/lib/thumb/v6-m/nofp\libc.a(lib_a-fclose.o) (__sinit)
[...]
Memory Configuration

Name             Origin             Length             Attributes
FLASH            0x10000000         0x00200000         xr
RAM              0x20000000         0x00040000         xrw
SCRATCH_X        0x20040000         0x00001000         xrw
SCRATCH_Y        0x20041000         0x00001000         xrw
*default*        0x00000000         0xffffffff

Linker script and memory map

LOAD c:/progra~1/raspbe~1/picosd~1.1/gcc-ar~1/bin/../lib/gcc/arm-none-eabi/10.3.1/thumb/v6-m/nofp/crti.o
LOAD c:/progra~1/raspbe~1/picosd~1.1/gcc-ar~1/bin/../lib/gcc/arm-none-eabi/10.3.1/thumb/v6-m/nofp/crtbegin.o
LOAD c:/progra~1/raspbe~1/picosd~1.1/gcc-ar~1/bin/../lib/gcc/arm-none-eabi/10.3.1/../../../../arm-none-eabi/lib/thumb/v6-m/nofp/crt0.o

.flash_begin    0x10000000        0x0
                0x10000000                __flash_binary_start = .

.boot2          0x10000000      0x100
                0x10000000                __boot2_start__ = .
 *(.boot2)
 .boot2         0x10000000      0x100 C:\Users\New\AppData\Local\Temp\ccqhomAr.o
                0x10000100                __boot2_end__ = .
                0x00000001                ASSERT (((__boot2_end__ - __boot2_start__) == 0x100), ERROR: Pico second stage bootloader must be 256 bytes in size)

.text           0x10000100    0x31208
                0x10000100                __logical_binary_start = .
 *(.vectors)
 .vectors       0x10000100       0xd4 CMakeFiles/pico-atari.dir/C_/Program_Files/Raspberry_Pi/Pico_SDK_v1.5.1/pico-sdk/src/rp2_common/pico_standard_link/crt0.S.obj
                0x10000100                __VECTOR_TABLE
                0x10000100                __vectors
                0x100001c0                isr_invalid
                0x100001c0                __default_isrs_start
                0x100001c2                isr_nmi
                0x100001c4                isr_hardfault
                0x100001c6                isr_svcall
                0x100001c8                isr_pendsv
                0x100001ca                isr_systick
                0x100001cc                isr_irq23
                0x100001cc                isr_irq18
                0x100001cc                isr_irq11
                0x100001cc                isr_irq28
                0x100001cc                isr_irq19
                0x100001cc                isr_irq0
                0x100001cc                isr_irq6
                0x100001cc                isr_irq5
                0x100001cc                isr_irq12
                0x100001cc                isr_irq22
                0x100001cc                isr_irq31
                0x100001cc                isr_irq17
                0x100001cc                isr_irq27
                0x100001cc                isr_irq30
                0x100001cc                isr_irq2
                0x100001cc                isr_irq10
                0x100001cc                isr_irq8
                0x100001cc                isr_irq24
                0x100001cc                isr_irq1
                0x100001cc                isr_irq7
                0x100001cc                isr_irq21
                0x100001cc                isr_irq20
                0x100001cc                isr_irq15
                0x100001cc                isr_irq25
                0x100001cc                isr_irq13
                0x100001cc                __unhandled_user_irq
                0x100001cc                isr_irq4
                0x100001cc                isr_irq16
                0x100001cc                isr_irq29
                0x100001cc                isr_irq26
                0x100001cc                __default_isrs_end
                0x100001cc                isr_irq3
                0x100001cc                isr_irq14
                0x100001cc                isr_irq9
                0x100001d2                unhandled_user_irq_num_in_r0
 *(.binary_info_header)
 .binary_info_header
                0x100001d4       0x14 CMakeFiles/pico-atari.dir/C_/Program_Files/Raspberry_Pi/Pico_SDK_v1.5.1/pico-sdk/src/rp2_common/pico_standard_link/crt0.S.obj
                0x100001e8                __binary_info_header_end = .
 *(.reset)
 .reset         0x100001e8       0xa0 CMakeFiles/pico-atari.dir/C_/Program_Files/Raspberry_Pi/Pico_SDK_v1.5.1/pico-sdk/src/rp2_common/pico_standard_link/crt0.S.obj
                0x100001e8                _entry_point
 .reset         0x10000288       0x30 CMakeFiles/pico-atari.dir/C_/Program_Files/Raspberry_Pi/Pico_SDK_v1.5.1/pico-sdk/src/rp2_common/pico_standard_link/binary_info.c.obj
 *(.init)
 .init          0x100002b8        0x4 c:/progra~1/raspbe~1/picosd~1.1/gcc-ar~1/bin/../lib/gcc/arm-none-eabi/10.3.1/thumb/v6-m/nofp/crti.o
                0x100002b8                _init
 *(EXCLUDE_FILE(*libm.a: *libc.a:*lib_a-mem*.o *libgcc.a:) .text*)
 .text          0x100002bc       0x48 c:/progra~1/raspbe~1/picosd~1.1/gcc-ar~1/bin/../lib/gcc/arm-none-eabi/10.3.1/thumb/v6-m/nofp/crtbegin.o
 .text.AFILE_DetectFileType
                0x10000304      0x1d0 CMakeFiles/pico-atari.dir/src/afile.c.obj
                0x10000304                AFILE_DetectFileType
 .text.AFILE_OpenFile
                0x100004d4       0xb4 CMakeFiles/pico-atari.dir/src/afile.c.obj
                0x100004d4                AFILE_OpenFile
 .text.setup_art_colours
                0x10000588      0x104 CMakeFiles/pico-atari.dir/src/antic.c.obj
 .text.do_border
                0x1000068c       0xd8 CMakeFiles/pico-atari.dir/src/antic.c.obj
 .text.do_border_gtia10
                0x10000764      0x120 CMakeFiles/pico-atari.dir/src/antic.c.obj
 .text.do_border_gtia11
                0x10000884      0x10c CMakeFiles/pico-atari.dir/src/antic.c.obj
 .text.draw_an_gtia9
                0x10000990       0xb4 CMakeFiles/pico-atari.dir/src/antic.c.obj
 .text.draw_an_gtia10
                0x10000a44      0x11c CMakeFiles/pico-atari.dir/src/antic.c.obj
 .text.draw_an_gtia11
                0x10000b60       0xcc CMakeFiles/pico-atari.dir/src/antic.c.obj
 .text.draw_antic_2
                0x10000c2c      0x244 CMakeFiles/pico-atari.dir/src/antic.c.obj
 .text.draw_antic_2_artif
                0x10000e70      0x1fc CMakeFiles/pico-atari.dir/src/antic.c.obj
 .text.draw_antic_2_artif_new
                0x1000106c      0x414 CMakeFiles/pico-atari.dir/src/antic.c.obj
 .text.prepare_an_antic_2
                0x10001480       0xc8 CMakeFiles/pico-atari.dir/src/antic.c.obj
 .text.draw_antic_2_gtia9
                0x10001548      0x1a0 CMakeFiles/pico-atari.dir/src/antic.c.obj
 .text.draw_antic_2_gtia10
                0x100016e8      0x1fc CMakeFiles/pico-atari.dir/src/antic.c.obj
 .text.draw_antic_2_gtia11
                0x100018e4      0x1b0 CMakeFiles/pico-atari.dir/src/antic.c.obj
 .text.draw_antic_2_gtia_bug
                0x10001a94       0xa8 CMakeFiles/pico-atari.dir/src/antic.c.obj
 .text.draw_antic_4
                0x10001b3c      0x204 CMakeFiles/pico-atari.dir/src/antic.c.obj
 .text.prepare_an_antic_4
                0x10001d40      0x114 CMakeFiles/pico-atari.dir/src/antic.c.obj
 .text.draw_antic_4_gtia9
                0x10001e54       0x12 CMakeFiles/pico-atari.dir/src/antic.c.obj
 .text.draw_antic_4_gtia10
                0x10001e66       0x12 CMakeFiles/pico-atari.dir/src/antic.c.obj
 .text.draw_antic_4_gtia11
                0x10001e78       0x12 CMakeFiles/pico-atari.dir/src/antic.c.obj
 *fill*         0x10001e8a        0x2 
 .text.draw_antic_6
                0x10001e8c      0x1b4 CMakeFiles/pico-atari.dir/src/antic.c.obj
 .text.prepare_an_antic_6
                0x10002040      0x120 CMakeFiles/pico-atari.dir/src/antic.c.obj
 .text.draw_antic_6_gtia9
                0x10002160       0x12 CMakeFiles/pico-atari.dir/src/antic.c.obj
 .text.draw_antic_6_gtia10
                0x10002172       0x12 CMakeFiles/pico-atari.dir/src/antic.c.obj
 .text.draw_antic_6_gtia11
                0x10002184       0x12 CMakeFiles/pico-atari.dir/src/antic.c.obj
 *fill*         0x10002196        0x2 
 .text.draw_antic_8
                0x10002198       0xe4 CMakeFiles/pico-atari.dir/src/antic.c.obj
 .text.prepare_an_antic_8
                0x1000227c       0x44 CMakeFiles/pico-atari.dir/src/antic.c.obj
 .text.draw_antic_8_gtia9
                0x100022c0       0x12 CMakeFiles/pico-atari.dir/src/antic.c.obj
 .text.draw_antic_8_gtia10
                0x100022d2       0x12 CMakeFiles/pico-atari.dir/src/antic.c.obj
 .text.draw_antic_8_gtia11
                0x100022e4       0x12 CMakeFiles/pico-atari.dir/src/antic.c.obj
 *fill*         0x100022f6        0x2 
 .text.draw_antic_9
                0x100022f8       0xec CMakeFiles/pico-atari.dir/src/antic.c.obj
 .text.draw_antic_a
                0x100023e4      0x110 CMakeFiles/pico-atari.dir/src/antic.c.obj
 .text.prepare_an_antic_a
                0x100024f4       0x5c CMakeFiles/pico-atari.dir/src/antic.c.obj
 .text.draw_antic_a_gtia9
                0x10002550       0x12 CMakeFiles/pico-atari.dir/src/antic.c.obj
 .text.draw_antic_a_gtia10
                0x10002562       0x12 CMakeFiles/pico-atari.dir/src/antic.c.obj
 .text.draw_antic_a_gtia11
                0x10002574       0x12 CMakeFiles/pico-atari.dir/src/antic.c.obj
 *fill*         0x10002586        0x2 
 .text.draw_antic_c
                0x10002588       0xf0 CMakeFiles/pico-atari.dir/src/antic.c.obj
 .text.draw_antic_e
                0x10002678      0x11c CMakeFiles/pico-atari.dir/src/antic.c.obj
 .text.prepare_an_antic_e
                0x10002794       0x54 CMakeFiles/pico-atari.dir/src/antic.c.obj
 .text.draw_antic_e_gtia9
                0x100027e8       0xec CMakeFiles/pico-atari.dir/src/antic.c.obj
 .text.draw_antic_e_gtia10
                0x100028d4       0x12 CMakeFiles/pico-atari.dir/src/antic.c.obj
 .text.draw_antic_e_gtia11
                0x100028e6       0x12 CMakeFiles/pico-atari.dir/src/antic.c.obj
 .text.draw_antic_f
                0x100028f8      0x154 CMakeFiles/pico-atari.dir/src/antic.c.obj
 .text.draw_antic_f_artif
                0x10002a4c       0xf0 CMakeFiles/pico-atari.dir/src/antic.c.obj
 .text.draw_antic_f_artif_new
                0x10002b3c      0x2f0 CMakeFiles/pico-atari.dir/src/antic.c.obj
 .text.prepare_an_antic_f
                0x10002e2c       0x38 CMakeFiles/pico-atari.dir/src/antic.c.obj
 .text.draw_antic_f_gtia10
                0x10002e64      0x114 CMakeFiles/pico-atari.dir/src/antic.c.obj
 .text.draw_antic_f_gtia_bug
                0x10002f78      0x114 CMakeFiles/pico-atari.dir/src/antic.c.obj
 .text.draw_antic_0_gtia11
                0x1000308c       0xbc CMakeFiles/pico-atari.dir/src/antic.c.obj
 .text.draw_antic_9_gtia11
                0x10003148        0x8 CMakeFiles/pico-atari.dir/src/antic.c.obj
 .text.draw_antic_0_gtia10
                0x10003150       0x8c CMakeFiles/pico-atari.dir/src/antic.c.obj
 .text.draw_antic_9_gtia10
                0x100031dc        0x8 CMakeFiles/pico-atari.dir/src/antic.c.obj
 .text.draw_antic_0
                0x100031e4       0x8c CMakeFiles/pico-atari.dir/src/antic.c.obj
 .text.draw_antic_9_gtia9
                0x10003270        0x8 CMakeFiles/pico-atari.dir/src/antic.c.obj
 .text.draw_antic_f_gtia9
                0x10003278       0xb8 CMakeFiles/pico-atari.dir/src/antic.c.obj
 .text.draw_antic_f_gtia11
                0x10003330       0xc8 CMakeFiles/pico-atari.dir/src/antic.c.obj
 .text.ANTIC_VideoPutByte
                0x100033f8        0x4 CMakeFiles/pico-atari.dir/src/antic.c.obj
                0x100033f8                ANTIC_VideoPutByte
 .text.ANTIC_UpdateArtifacting
                0x100033fc      0x1fc CMakeFiles/pico-atari.dir/src/antic.c.obj
                0x100033fc                ANTIC_UpdateArtifacting
 .text.ANTIC_Initialise
                0x100035f8      0x238 CMakeFiles/pico-atari.dir/src/antic.c.obj
                0x100035f8                ANTIC_Initialise
 .text.ANTIC_GetDLByte
                0x10003830       0x5c CMakeFiles/pico-atari.dir/src/antic.c.obj
                0x10003830                ANTIC_GetDLByte
 .text.ANTIC_GetDLWord
                0x1000388c       0x44 CMakeFiles/pico-atari.dir/src/antic.c.obj
                0x1000388c                ANTIC_GetDLWord
 .text.ANTIC_Frame
                0x100038d0      0xb1c CMakeFiles/pico-atari.dir/src/antic.c.obj
                0x100038d0                ANTIC_Frame
 .text.ANTIC_GetByte
                0x100043ec       0x60 CMakeFiles/pico-atari.dir/src/antic.c.obj
                0x100043ec                ANTIC_GetByte
 .text.ANTIC_SetPrior
                0x1000444c      0x390 CMakeFiles/pico-atari.dir/src/antic.c.obj
                0x1000444c                ANTIC_SetPrior
 .text.ANTIC_PutByte
                0x100047dc      0x460 CMakeFiles/pico-atari.dir/src/antic.c.obj
                0x100047dc                ANTIC_PutByte
 .text.ANTIC_Reset
                0x10004c3c       0x20 CMakeFiles/pico-atari.dir/src/antic.c.obj
                0x10004c3c                ANTIC_Reset
 .text.ANTIC_StateSave
                0x10004c5c       0xe8 CMakeFiles/pico-atari.dir/src/antic.c.obj
                0x10004c5c                ANTIC_StateSave
 .text.ANTIC_StateRead
                0x10004d44      0x110 CMakeFiles/pico-atari.dir/src/antic.c.obj
                0x10004d44                ANTIC_StateRead
 .text.UpdateMode.constprop.0
                0x10004e54       0x4c CMakeFiles/pico-atari.dir/src/artifact.c.obj
 .text.ARTIFACT_SetTVMode
                0x10004ea0       0x2c CMakeFiles/pico-atari.dir/src/artifact.c.obj
                0x10004ea0                ARTIFACT_SetTVMode
 .text.ARTIFACT_ReadConfig
                0x10004ecc       0x80 CMakeFiles/pico-atari.dir/src/artifact.c.obj
                0x10004ecc                ARTIFACT_ReadConfig
 .text.ARTIFACT_WriteConfig
                0x10004f4c       0x50 CMakeFiles/pico-atari.dir/src/artifact.c.obj
                0x10004f4c                ARTIFACT_WriteConfig
 .text.ARTIFACT_Initialise
                0x10004f9c      0x130 CMakeFiles/pico-atari.dir/src/artifact.c.obj
                0x10004f9c                ARTIFACT_Initialise
 .text.load_roms
                0x100050cc       0xc4 CMakeFiles/pico-atari.dir/src/atari.c.obj
 .text.Atari800_SetMachineType
                0x10005190       0x40 CMakeFiles/pico-atari.dir/src/atari.c.obj
                0x10005190                Atari800_SetMachineType
 .text.Atari800_UpdateKeyboardDetached
                0x100051d0       0x3c CMakeFiles/pico-atari.dir/src/atari.c.obj
                0x100051d0                Atari800_UpdateKeyboardDetached
 .text.Atari800_UpdateJumper
                0x1000520c       0x28 CMakeFiles/pico-atari.dir/src/atari.c.obj
                0x1000520c                Atari800_UpdateJumper
 .text.Atari800_Warmstart
                0x10005234       0x60 CMakeFiles/pico-atari.dir/src/atari.c.obj
                0x10005234                Atari800_Warmstart
 .text.Atari800_Coldstart
                0x10005294       0x40 CMakeFiles/pico-atari.dir/src/atari.c.obj
                0x10005294                Atari800_Coldstart
 .text.Atari800_LoadImage
                0x100052d4       0x4c CMakeFiles/pico-atari.dir/src/atari.c.obj
                0x100052d4                Atari800_LoadImage
 .text.Atari800_InitialiseMachine
                0x10005320       0x20 CMakeFiles/pico-atari.dir/src/atari.c.obj
                0x10005320                Atari800_InitialiseMachine
 .text.Atari800_Exit
                0x10005340       0x48 CMakeFiles/pico-atari.dir/src/atari.c.obj
                0x10005340                Atari800_Exit
 .text.Atari800_ErrExit
                0x10005388       0x14 CMakeFiles/pico-atari.dir/src/atari.c.obj
                0x10005388                Atari800_ErrExit
 .text.Atari800_Initialise
                0x1000539c      0x980 CMakeFiles/pico-atari.dir/src/atari.c.obj
                0x1000539c                Atari800_Initialise
 .text.Atari800_Sync
                0x10005d1c      0x1fc CMakeFiles/pico-atari.dir/src/atari.c.obj
                0x10005d1c                Atari800_Sync
 .text.Atari800_Frame
                0x10005f18      0x104 CMakeFiles/pico-atari.dir/src/atari.c.obj
                0x10005f18                Atari800_Frame
 .text.Atari800_StateSave
                0x1000601c       0xa8 CMakeFiles/pico-atari.dir/src/atari.c.obj
                0x1000601c                Atari800_StateSave
 .text.Atari800_SetTVMode
                0x100060c4       0x50 CMakeFiles/pico-atari.dir/src/atari.c.obj
                0x100060c4                Atari800_SetTVMode
 .text.Atari800_StateRead
                0x10006114      0x1c0 CMakeFiles/pico-atari.dir/src/atari.c.obj
                0x10006114                Atari800_StateRead
 .text.PLATFORM_Initialise
                0x100062d4        0xc CMakeFiles/pico-atari.dir/src/atari_basic.c.obj
                0x100062d4                PLATFORM_Initialise
 .text.PLATFORM_Exit
                0x100062e0       0x1a CMakeFiles/pico-atari.dir/src/atari_basic.c.obj
                0x100062e0                PLATFORM_Exit
 .text.startup.main
                0x100062fa       0x18 CMakeFiles/pico-atari.dir/src/atari_basic.c.obj
                0x100062fa                main
 *fill*         0x10006312        0x2 
 .text.read_word
                0x10006314       0x6c CMakeFiles/pico-atari.dir/src/binload.c.obj
 .text.loader_cont
                0x10006380      0x230 CMakeFiles/pico-atari.dir/src/binload.c.obj
 .text.BINLOAD_LoaderStart
                0x100065b0       0x4c CMakeFiles/pico-atari.dir/src/binload.c.obj
                0x100065b0                BINLOAD_LoaderStart
 .text.BINLOAD_Loader
                0x100065fc       0xe0 CMakeFiles/pico-atari.dir/src/binload.c.obj
                0x100065fc                BINLOAD_Loader
 .text.update_d6
                0x100066dc       0x28 CMakeFiles/pico-atari.dir/src/bit3.c.obj
 .text.BIT3_Exit
                0x10006704       0x30 CMakeFiles/pico-atari.dir/src/bit3.c.obj
                0x10006704                BIT3_Exit
 .text.BIT3_ReadConfig
                0x10006734       0x4c CMakeFiles/pico-atari.dir/src/bit3.c.obj
                0x10006734                BIT3_ReadConfig
 .text.BIT3_WriteConfig
                0x10006780       0x28 CMakeFiles/pico-atari.dir/src/bit3.c.obj
                0x10006780                BIT3_WriteConfig
 .text.BIT3_D6GetByte
                0x100067a8        0xc CMakeFiles/pico-atari.dir/src/bit3.c.obj
                0x100067a8                BIT3_D6GetByte
 .text.BIT3_D6PutByte
                0x100067b4        0x2 CMakeFiles/pico-atari.dir/src/bit3.c.obj
                0x100067b4                BIT3_D6PutByte
 *fill*         0x100067b6        0x2 
 .text.BIT3_D5GetByte
                0x100067b8       0x78 CMakeFiles/pico-atari.dir/src/bit3.c.obj
                0x100067b8                BIT3_D5GetByte
 .text.BIT3_D5PutByte
                0x10006830       0xb4 CMakeFiles/pico-atari.dir/src/bit3.c.obj
                0x10006830                BIT3_D5PutByte
 .text.BIT3_Reset
                0x100068e4       0x40 CMakeFiles/pico-atari.dir/src/bit3.c.obj
                0x100068e4                BIT3_Reset
 .text.BIT3_Initialise
                0x10006924      0x130 CMakeFiles/pico-atari.dir/src/bit3.c.obj
                0x10006924                BIT3_Initialise
 .text.Calculate_RamCart_Address
                0x10006a54       0x50 CMakeFiles/pico-atari.dir/src/cartridge.c.obj
 .text.ResetCartState
                0x10006aa4       0x2c CMakeFiles/pico-atari.dir/src/cartridge.c.obj
 .text.set_bank_5200_SUPER
                0x10006ad0       0x24 CMakeFiles/pico-atari.dir/src/cartridge.c.obj
 .text.access_5200SuperCart
                0x10006af4       0x50 CMakeFiles/pico-atari.dir/src/cartridge.c.obj
 .text.access_BountyBob1
                0x10006b44       0x40 CMakeFiles/pico-atari.dir/src/cartridge.c.obj
 .text.access_BountyBob2
                0x10006b84       0x48 CMakeFiles/pico-atari.dir/src/cartridge.c.obj
 .text.set_bank_SIC
                0x10006bcc       0x68 CMakeFiles/pico-atari.dir/src/cartridge.c.obj
 .text.set_bank_RAMCART
                0x10006c34       0xec CMakeFiles/pico-atari.dir/src/cartridge.c.obj
 .text.AutoReboot
                0x10006d20       0x14 CMakeFiles/pico-atari.dir/src/cartridge.c.obj
 .text.set_bank_A0AF
                0x10006d34       0x5c CMakeFiles/pico-atari.dir/src/cartridge.c.obj
 .text.set_bank_A0BF
                0x10006d90       0x38 CMakeFiles/pico-atari.dir/src/cartridge.c.obj
 .text.set_bank_809F
                0x10006dc8       0x58 CMakeFiles/pico-atari.dir/src/cartridge.c.obj
 .text.SwitchBank
                0x10006e20      0x244 CMakeFiles/pico-atari.dir/src/cartridge.c.obj
 .text.MapActiveCart
                0x10007064      0x4fc CMakeFiles/pico-atari.dir/src/cartridge.c.obj
 .text.access_D5
                0x10007560      0x18c CMakeFiles/pico-atari.dir/src/cartridge.c.obj
 .text.InitCartridge
                0x100076ec      0x2a0 CMakeFiles/pico-atari.dir/src/cartridge.c.obj
 .text.GetByte  0x1000798c      0x118 CMakeFiles/pico-atari.dir/src/cartridge.c.obj
 .text.PutByte  0x10007aa4      0x1e0 CMakeFiles/pico-atari.dir/src/cartridge.c.obj
 .text.CARTRIDGE_GetByte
                0x10007c84       0x5c CMakeFiles/pico-atari.dir/src/cartridge.c.obj
                0x10007c84                CARTRIDGE_GetByte
 .text.CARTRIDGE_PutByte
                0x10007ce0       0x80 CMakeFiles/pico-atari.dir/src/cartridge.c.obj
                0x10007ce0                CARTRIDGE_PutByte
 .text.CARTRIDGE_BountyBob1GetByte
                0x10007d60       0x18 CMakeFiles/pico-atari.dir/src/cartridge.c.obj
                0x10007d60                CARTRIDGE_BountyBob1GetByte
 .text.CARTRIDGE_BountyBob2GetByte
                0x10007d78       0x18 CMakeFiles/pico-atari.dir/src/cartridge.c.obj
                0x10007d78                CARTRIDGE_BountyBob2GetByte
 .text.CARTRIDGE_5200SuperCartGetByte
                0x10007d90       0x18 CMakeFiles/pico-atari.dir/src/cartridge.c.obj
                0x10007d90                CARTRIDGE_5200SuperCartGetByte
 .text.CARTRIDGE_BountyBob1PutByte
                0x10007da8        0x8 CMakeFiles/pico-atari.dir/src/cartridge.c.obj
                0x10007da8                CARTRIDGE_BountyBob1PutByte
 .text.CARTRIDGE_BountyBob2PutByte
                0x10007db0        0x8 CMakeFiles/pico-atari.dir/src/cartridge.c.obj
                0x10007db0                CARTRIDGE_BountyBob2PutByte
 .text.CARTRIDGE_5200SuperCartPutByte
                0x10007db8        0x8 CMakeFiles/pico-atari.dir/src/cartridge.c.obj
                0x10007db8                CARTRIDGE_5200SuperCartPutByte
 .text.CARTRIDGE_WriteImage
                0x10007dc0       0xbc CMakeFiles/pico-atari.dir/src/cartridge.c.obj
                0x10007dc0                CARTRIDGE_WriteImage
 .text.RemoveCart
                0x10007e7c       0x54 CMakeFiles/pico-atari.dir/src/cartridge.c.obj
 .text.CARTRIDGE_SetType
                0x10007ed0       0x16 CMakeFiles/pico-atari.dir/src/cartridge.c.obj
                0x10007ed0                CARTRIDGE_SetType
 *fill*         0x10007ee6        0x2 
 .text.CARTRIDGE_ColdStart
                0x10007ee8       0x24 CMakeFiles/pico-atari.dir/src/cartridge.c.obj
                0x10007ee8                CARTRIDGE_ColdStart
 .text.CARTRIDGE_ReadImage
                0x10007f0c      0x178 CMakeFiles/pico-atari.dir/src/cartridge.c.obj
                0x10007f0c                CARTRIDGE_ReadImage
 .text.InsertCartridge
                0x10008084       0x1c CMakeFiles/pico-atari.dir/src/cartridge.c.obj
 .text.InitInsert
                0x100080a0       0x68 CMakeFiles/pico-atari.dir/src/cartridge.c.obj
 .text.CARTRIDGE_Remove_Second
                0x10008108       0x10 CMakeFiles/pico-atari.dir/src/cartridge.c.obj
                0x10008108                CARTRIDGE_Remove_Second
 .text.CARTRIDGE_Insert_Second
                0x10008118       0x18 CMakeFiles/pico-atari.dir/src/cartridge.c.obj
                0x10008118                CARTRIDGE_Insert_Second
 .text.CARTRIDGE_Remove
                0x10008130       0x1c CMakeFiles/pico-atari.dir/src/cartridge.c.obj
                0x10008130                CARTRIDGE_Remove
 .text.CARTRIDGE_Insert
                0x1000814c       0x18 CMakeFiles/pico-atari.dir/src/cartridge.c.obj
                0x1000814c                CARTRIDGE_Insert
 .text.CARTRIDGE_InsertAutoReboot
                0x10008164       0x10 CMakeFiles/pico-atari.dir/src/cartridge.c.obj
                0x10008164                CARTRIDGE_InsertAutoReboot
 .text.CARTRIDGE_ReadConfig
                0x10008174       0xd0 CMakeFiles/pico-atari.dir/src/cartridge.c.obj
                0x10008174                CARTRIDGE_ReadConfig
 .text.CARTRIDGE_WriteConfig
                0x10008244       0x64 CMakeFiles/pico-atari.dir/src/cartridge.c.obj
                0x10008244                CARTRIDGE_WriteConfig
 .text.CARTRIDGE_Initialise
                0x100082a8      0x1f8 CMakeFiles/pico-atari.dir/src/cartridge.c.obj
                0x100082a8                CARTRIDGE_Initialise
 .text.CARTRIDGE_Exit
                0x100084a0        0x8 CMakeFiles/pico-atari.dir/src/cartridge.c.obj
                0x100084a0                CARTRIDGE_Exit
 .text.CARTRIDGE_StateRead
                0x100084a8      0x104 CMakeFiles/pico-atari.dir/src/cartridge.c.obj
                0x100084a8                CARTRIDGE_StateRead
 .text.CARTRIDGE_StateSave
                0x100085ac       0x80 CMakeFiles/pico-atari.dir/src/cartridge.c.obj
                0x100085ac                CARTRIDGE_StateSave
 .text.CARTRIDGE_Checksum
                0x1000862c       0x16 CMakeFiles/pico-atari.dir/src/cartridge_info.c.obj
                0x1000862c                CARTRIDGE_Checksum
 *fill*         0x10008642        0x2 
 .text.UpdateFlags
                0x10008644       0x54 CMakeFiles/pico-atari.dir/src/cassette.c.obj
 .text.CASSETTE_ReadConfig
                0x10008698       0x7c CMakeFiles/pico-atari.dir/src/cassette.c.obj
                0x10008698                CASSETTE_ReadConfig
 .text.CASSETTE_WriteConfig
                0x10008714       0x44 CMakeFiles/pico-atari.dir/src/cassette.c.obj
                0x10008714                CASSETTE_WriteConfig
 .text.CASSETTE_Remove
                0x10008758       0x30 CMakeFiles/pico-atari.dir/src/cassette.c.obj
                0x10008758                CASSETTE_Remove
 .text.CASSETTE_Exit
                0x10008788        0x8 CMakeFiles/pico-atari.dir/src/cassette.c.obj
                0x10008788                CASSETTE_Exit
 .text.CASSETTE_Insert
                0x10008790       0x94 CMakeFiles/pico-atari.dir/src/cassette.c.obj
                0x10008790                CASSETTE_Insert
 .text.CASSETTE_GetPosition
                0x10008824       0x18 CMakeFiles/pico-atari.dir/src/cassette.c.obj
                0x10008824                CASSETTE_GetPosition
 .text.CASSETTE_GetSize
                0x1000883c       0x14 CMakeFiles/pico-atari.dir/src/cassette.c.obj
                0x1000883c                CASSETTE_GetSize
 .text.CASSETTE_GetByte
                0x10008850        0xc CMakeFiles/pico-atari.dir/src/cassette.c.obj
                0x10008850                CASSETTE_GetByte
 .text.CASSETTE_IOLineStatus
                0x1000885c       0x34 CMakeFiles/pico-atari.dir/src/cassette.c.obj
                0x1000885c                CASSETTE_IOLineStatus
 .text.CASSETTE_PutByte
                0x10008890       0x44 CMakeFiles/pico-atari.dir/src/cassette.c.obj
                0x10008890                CASSETTE_PutByte
 .text.CASSETTE_TapeMotor
                0x100088d4       0x3c CMakeFiles/pico-atari.dir/src/cassette.c.obj
                0x100088d4                CASSETTE_TapeMotor
 .text.CASSETTE_ToggleWriteProtect
                0x10008910       0x28 CMakeFiles/pico-atari.dir/src/cassette.c.obj
                0x10008910                CASSETTE_ToggleWriteProtect
 .text.CASSETTE_Initialise
                0x10008938      0x14c CMakeFiles/pico-atari.dir/src/cassette.c.obj
                0x10008938                CASSETTE_Initialise
 .text.CASSETTE_ToggleRecord
                0x10008a84       0x80 CMakeFiles/pico-atari.dir/src/cassette.c.obj
                0x10008a84                CASSETTE_ToggleRecord
 .text.CASSETTE_AddScanLine
                0x10008b04       0xb4 CMakeFiles/pico-atari.dir/src/cassette.c.obj
                0x10008b04                CASSETTE_AddScanLine
 .text.CASSETTE_ResetPOKEY
                0x10008bb8       0x18 CMakeFiles/pico-atari.dir/src/cassette.c.obj
                0x10008bb8                CASSETTE_ResetPOKEY
 .text.CASSETTE_AddGap
                0x10008bd0       0x18 CMakeFiles/pico-atari.dir/src/cassette.c.obj
                0x10008bd0                CASSETTE_AddGap
 .text.CASSETTE_LeaderLoad
                0x10008be8       0x28 CMakeFiles/pico-atari.dir/src/cassette.c.obj
                0x10008be8                CASSETTE_LeaderLoad
 .text.CASSETTE_LeaderSave
                0x10008c10       0x28 CMakeFiles/pico-atari.dir/src/cassette.c.obj
                0x10008c10                CASSETTE_LeaderSave
 .text.CASSETTE_ReadToMemory
                0x10008c38       0x74 CMakeFiles/pico-atari.dir/src/cassette.c.obj
                0x10008c38                CASSETTE_ReadToMemory
 .text.CASSETTE_WriteFromMemory
                0x10008cac       0x38 CMakeFiles/pico-atari.dir/src/cassette.c.obj
                0x10008cac                CASSETTE_WriteFromMemory
 .text.CFG_LoadConfig
                0x10008ce4      0x778 CMakeFiles/pico-atari.dir/src/cfg.c.obj
                0x10008ce4                CFG_LoadConfig
 .text.CFG_WriteConfig
                0x1000945c      0x33c CMakeFiles/pico-atari.dir/src/cfg.c.obj
                0x1000945c                CFG_WriteConfig
 .text.CFG_MatchTextParameter
                0x10009798       0x28 CMakeFiles/pico-atari.dir/src/cfg.c.obj
                0x10009798                CFG_MatchTextParameter
 .text.UpdateModeDependentPointers
                0x100097c0       0x54 CMakeFiles/pico-atari.dir/src/colours.c.obj
 .text.Colours_SetRGB
                0x10009814       0x36 CMakeFiles/pico-atari.dir/src/colours.c.obj
                0x10009814                Colours_SetRGB
 *fill*         0x1000984a        0x2 
 .text.UpdatePalette
                0x1000984c       0x64 CMakeFiles/pico-atari.dir/src/colours.c.obj
 .text.Colours_RGB2YUV
                0x100098b0      0x130 CMakeFiles/pico-atari.dir/src/colours.c.obj
                0x100098b0                Colours_RGB2YUV
 .text.Colours_YUV2RGB
                0x100099e0       0xd0 CMakeFiles/pico-atari.dir/src/colours.c.obj
                0x100099e0                Colours_YUV2RGB
 .text.Colours_Gamma2Linear
                0x10009ab0       0x3c CMakeFiles/pico-atari.dir/src/colours.c.obj
                0x10009ab0                Colours_Gamma2Linear
 .text.Colours_Linear2sRGB
                0x10009aec       0x68 CMakeFiles/pico-atari.dir/src/colours.c.obj
                0x10009aec                Colours_Linear2sRGB
 .text.Colours_SetVideoSystem
                0x10009b54        0xc CMakeFiles/pico-atari.dir/src/colours.c.obj
                0x10009b54                Colours_SetVideoSystem
 .text.Colours_PreInitialise
                0x10009b60       0x30 CMakeFiles/pico-atari.dir/src/colours.c.obj
                0x10009b60                Colours_PreInitialise
 .text.Colours_ReadConfig
                0x10009b90       0x20 CMakeFiles/pico-atari.dir/src/colours.c.obj
                0x10009b90                Colours_ReadConfig
 .text.Colours_WriteConfig
                0x10009bb0       0x10 CMakeFiles/pico-atari.dir/src/colours.c.obj
                0x10009bb0                Colours_WriteConfig
 .text.Colours_Initialise
                0x10009bc0      0x220 CMakeFiles/pico-atari.dir/src/colours.c.obj
                0x10009bc0                Colours_Initialise
 .text.COLOURS_EXTERNAL_Read
                0x10009de0       0x54 CMakeFiles/pico-atari.dir/src/colours_external.c.obj
                0x10009de0                COLOURS_EXTERNAL_Read
 .text.UpdateYIQTableFromExternal
                0x10009e34      0x2e4 CMakeFiles/pico-atari.dir/src/colours_ntsc.c.obj
 .text.UpdateYIQTableFromGenerated
                0x1000a118      0x1a4 CMakeFiles/pico-atari.dir/src/colours_ntsc.c.obj
 .text.COLOURS_NTSC_Update
                0x1000a2bc      0x228 CMakeFiles/pico-atari.dir/src/colours_ntsc.c.obj
                0x1000a2bc                COLOURS_NTSC_Update
 .text.COLOURS_NTSC_RestoreDefaults
                0x1000a4e4       0x18 CMakeFiles/pico-atari.dir/src/colours_ntsc.c.obj
                0x1000a4e4                COLOURS_NTSC_RestoreDefaults
 .text.COLOURS_NTSC_ReadConfig
                0x1000a4fc       0xfc CMakeFiles/pico-atari.dir/src/colours_ntsc.c.obj
                0x1000a4fc                COLOURS_NTSC_ReadConfig
 .text.COLOURS_NTSC_WriteConfig
                0x1000a5f8       0xa4 CMakeFiles/pico-atari.dir/src/colours_ntsc.c.obj
                0x1000a5f8                COLOURS_NTSC_WriteConfig
 .text.COLOURS_NTSC_Initialise
                0x1000a69c      0x204 CMakeFiles/pico-atari.dir/src/colours_ntsc.c.obj
                0x1000a69c                COLOURS_NTSC_Initialise
 .text.COLOURS_PAL_GetYUV
                0x1000a8a0      0x5bc CMakeFiles/pico-atari.dir/src/colours_pal.c.obj
                0x1000a8a0                COLOURS_PAL_GetYUV
 .text.COLOURS_PAL_Update
                0x1000ae5c      0x140 CMakeFiles/pico-atari.dir/src/colours_pal.c.obj
                0x1000ae5c                COLOURS_PAL_Update
 .text.COLOURS_PAL_RestoreDefaults
                0x1000af9c       0x18 CMakeFiles/pico-atari.dir/src/colours_pal.c.obj
                0x1000af9c                COLOURS_PAL_RestoreDefaults
 .text.COLOURS_PAL_ReadConfig
                0x1000afb4       0xfc CMakeFiles/pico-atari.dir/src/colours_pal.c.obj
                0x1000afb4                COLOURS_PAL_ReadConfig
 .text.COLOURS_PAL_WriteConfig
                0x1000b0b0       0xa4 CMakeFiles/pico-atari.dir/src/colours_pal.c.obj
                0x1000b0b0                COLOURS_PAL_WriteConfig
 .text.COLOURS_PAL_Initialise
                0x1000b154      0x204 CMakeFiles/pico-atari.dir/src/colours_pal.c.obj
                0x1000b154                COLOURS_PAL_Initialise
 .text.write_atr_header
                0x1000b358       0x5a CMakeFiles/pico-atari.dir/src/compfile.c.obj
 .text.pad_till_sector
                0x1000b3b2       0x42 CMakeFiles/pico-atari.dir/src/compfile.c.obj
 .text.dcm_pass
                0x1000b3f4      0x1ac CMakeFiles/pico-atari.dir/src/compfile.c.obj
 .text.CompFile_ExtractGZ
                0x1000b5a0       0x10 CMakeFiles/pico-atari.dir/src/compfile.c.obj
                0x1000b5a0                CompFile_ExtractGZ
 .text.CompFile_DCMtoATR
                0x1000b5b0      0x118 CMakeFiles/pico-atari.dir/src/compfile.c.obj
                0x1000b5b0                CompFile_DCMtoATR
 .text.CPU_GetStatus
                0x1000b6c8       0x4c CMakeFiles/pico-atari.dir/src/cpu.c.obj
                0x1000b6c8                CPU_GetStatus
 .text.CPU_PutStatus
                0x1000b714       0x38 CMakeFiles/pico-atari.dir/src/cpu.c.obj
                0x1000b714                CPU_PutStatus
 .text.CPU_NMI  0x1000b74c       0xb8 CMakeFiles/pico-atari.dir/src/cpu.c.obj
                0x1000b74c                CPU_NMI
 .text.CPU_GO   0x1000b804     0x2cc0 CMakeFiles/pico-atari.dir/src/cpu.c.obj
                0x1000b804                CPU_GO
 .text.CPU_Reset
                0x1000e4c4       0x48 CMakeFiles/pico-atari.dir/src/cpu.c.obj
                0x1000e4c4                CPU_Reset
 .text.CPU_StateSave
                0x1000e50c       0x64 CMakeFiles/pico-atari.dir/src/cpu.c.obj
                0x1000e50c                CPU_StateSave
 .text.CPU_StateRead
                0x1000e570       0x68 CMakeFiles/pico-atari.dir/src/cpu.c.obj
                0x1000e570                CPU_StateRead
 .text.CRC32_Update
                0x1000e5d8       0x24 CMakeFiles/pico-atari.dir/src/crc32.c.obj
                0x1000e5d8                CRC32_Update
 .text.CRC32_FromFile
                0x1000e5fc       0x4c CMakeFiles/pico-atari.dir/src/crc32.c.obj
                0x1000e5fc                CRC32_FromFile
 .text.Devices_B_Init
                0x1000e648       0x34 CMakeFiles/pico-atari.dir/src/devices.c.obj
 .text.Devices_B_Null
                0x1000e67c       0x1c CMakeFiles/pico-atari.dir/src/devices.c.obj
 .text.Devices_B_Write
                0x1000e698       0x70 CMakeFiles/pico-atari.dir/src/devices.c.obj
 .text.Devices_B_Read
                0x1000e708       0x34 CMakeFiles/pico-atari.dir/src/devices.c.obj
 .text.Devices_B_Close
                0x1000e73c       0x4c CMakeFiles/pico-atari.dir/src/devices.c.obj
 .text.Devices_H_Status
                0x1000e788       0x34 CMakeFiles/pico-atari.dir/src/devices.c.obj
 .text.Devices_InstallIgnoreReady
                0x1000e7bc       0x18 CMakeFiles/pico-atari.dir/src/devices.c.obj
 .text.Devices_GetBasicCommand
                0x1000e7d4       0x70 CMakeFiles/pico-atari.dir/src/devices.c.obj
 .text.Devices_RestoreHandler
                0x1000e844       0x34 CMakeFiles/pico-atari.dir/src/devices.c.obj
 .text.Devices_RestoreEHREAD
                0x1000e878       0x14 CMakeFiles/pico-atari.dir/src/devices.c.obj
 .text.Devices_CloseBasicFile
                0x1000e88c       0x74 CMakeFiles/pico-atari.dir/src/devices.c.obj
 .text.Devices_RestoreEHOPEN
                0x1000e900       0x14 CMakeFiles/pico-atari.dir/src/devices.c.obj
 .text.Devices_RestoreEHCLOS
                0x1000e914       0x14 CMakeFiles/pico-atari.dir/src/devices.c.obj
 .text.Devices_RestoreEHWRIT
                0x1000e928       0x14 CMakeFiles/pico-atari.dir/src/devices.c.obj
 .text.Devices_IgnoreReady
                0x1000e93c       0xd4 CMakeFiles/pico-atari.dir/src/devices.c.obj
 .text.Devices_OpenBasicFile
                0x1000ea10       0xc0 CMakeFiles/pico-atari.dir/src/devices.c.obj
 .text.Devices_ReadBasicFile
                0x1000ead0       0x7c CMakeFiles/pico-atari.dir/src/devices.c.obj
 .text.Devices_GetIOCB
                0x1000eb4c       0x3c CMakeFiles/pico-atari.dir/src/devices.c.obj
 .text.Devices_GetNumber
                0x1000eb88       0x78 CMakeFiles/pico-atari.dir/src/devices.c.obj
 .text.Devices_H_Close
                0x1000ec00       0x5c CMakeFiles/pico-atari.dir/src/devices.c.obj
 .text.Devices_H_BinReadWord
                0x1000ec5c       0xa4 CMakeFiles/pico-atari.dir/src/devices.c.obj
 .text.Devices_H_Read
                0x1000ed00      0x114 CMakeFiles/pico-atari.dir/src/devices.c.obj
 .text.Devices_B_Open
                0x1000ee14       0x74 CMakeFiles/pico-atari.dir/src/devices.c.obj
 .text.Devices_H_BinLoaderCont
                0x1000ee88      0x1c8 CMakeFiles/pico-atari.dir/src/devices.c.obj
 .text.Devices_H_LoadProceed
                0x1000f050       0x60 CMakeFiles/pico-atari.dir/src/devices.c.obj
 .text.Devices_H_Write
                0x1000f0b0       0x9c CMakeFiles/pico-atari.dir/src/devices.c.obj
 .text.Devices_H_CloseAll
                0x1000f14c       0x24 CMakeFiles/pico-atari.dir/src/devices.c.obj
                0x1000f14c                Devices_H_CloseAll
 .text.Devices_Initialise
                0x1000f170      0x218 CMakeFiles/pico-atari.dir/src/devices.c.obj
                0x1000f170                Devices_Initialise
 .text.Devices_Exit
                0x1000f388        0x8 CMakeFiles/pico-atari.dir/src/devices.c.obj
                0x1000f388                Devices_Exit
 .text.Devices_SkipDeviceName
                0x1000f390       0x30 CMakeFiles/pico-atari.dir/src/devices.c.obj
                0x1000f390                Devices_SkipDeviceName
 .text.Devices_GetAtariPath
                0x1000f3c0      0x190 CMakeFiles/pico-atari.dir/src/devices.c.obj
 .text.Devices_H_Load
                0x1000f550      0x190 CMakeFiles/pico-atari.dir/src/devices.c.obj
 .text.Devices_GetHostPath
                0x1000f6e0       0x44 CMakeFiles/pico-atari.dir/src/devices.c.obj
 .text.Devices_H_Special
                0x1000f724      0x3cc CMakeFiles/pico-atari.dir/src/devices.c.obj
 .text.Devices_H_Open
                0x1000faf0      0x15c CMakeFiles/pico-atari.dir/src/devices.c.obj
 .text.Devices_SetPrintCommand
                0x1000fc4c       0x40 CMakeFiles/pico-atari.dir/src/devices.c.obj
                0x1000fc4c                Devices_SetPrintCommand
 .text.Devices_PatchOS
                0x1000fc8c      0x10c CMakeFiles/pico-atari.dir/src/devices.c.obj
                0x1000fc8c                Devices_PatchOS
 .text.Devices_UpdateHATABSEntry
                0x1000fd98       0x84 CMakeFiles/pico-atari.dir/src/devices.c.obj
                0x1000fd98                Devices_UpdateHATABSEntry
 .text.Devices_RemoveHATABSEntry
                0x1000fe1c       0x2c CMakeFiles/pico-atari.dir/src/devices.c.obj
                0x1000fe1c                Devices_RemoveHATABSEntry
 .text.Devices_Frame
                0x1000fe48       0x50 CMakeFiles/pico-atari.dir/src/devices.c.obj
                0x1000fe48                Devices_Frame
 .text.Devices_UpdatePatches
                0x1000fe98      0x2a8 CMakeFiles/pico-atari.dir/src/devices.c.obj
                0x1000fe98                Devices_UpdatePatches
 .text.CassetteLeaderSave
                0x10010140       0x28 CMakeFiles/pico-atari.dir/src/esc.c.obj
 .text.CassetteLeaderLoad
                0x10010168       0x28 CMakeFiles/pico-atari.dir/src/esc.c.obj
 .text.ESC_ClearAll
                0x10010190       0x14 CMakeFiles/pico-atari.dir/src/esc.c.obj
                0x10010190                ESC_ClearAll
 .text.ESC_Add  0x100101a4       0x28 CMakeFiles/pico-atari.dir/src/esc.c.obj
                0x100101a4                ESC_Add
 .text.ESC_AddEscRts
                0x100101cc       0x2c CMakeFiles/pico-atari.dir/src/esc.c.obj
                0x100101cc                ESC_AddEscRts
 .text.ESC_Remove
                0x100101f8       0x10 CMakeFiles/pico-atari.dir/src/esc.c.obj
                0x100101f8                ESC_Remove
 .text.ESC_Run  0x10010208       0x50 CMakeFiles/pico-atari.dir/src/esc.c.obj
                0x10010208                ESC_Run
 .text.ESC_PatchOS
                0x10010258      0x17c CMakeFiles/pico-atari.dir/src/esc.c.obj
                0x10010258                ESC_PatchOS
 .text.ESC_UpdatePatches
                0x100103d4       0x64 CMakeFiles/pico-atari.dir/src/esc.c.obj
                0x100103d4                ESC_UpdatePatches
 .text.setup_gtia9_11
                0x10010438       0x44 CMakeFiles/pico-atari.dir/src/gtia.c.obj
 .text.GTIA_NewPmScanline
                0x1001047c      0x2cc CMakeFiles/pico-atari.dir/src/gtia.c.obj
                0x1001047c                GTIA_NewPmScanline
 .text.GTIA_Frame
                0x10010748       0x50 CMakeFiles/pico-atari.dir/src/gtia.c.obj
                0x10010748                GTIA_Frame
 .text.GTIA_GetByte
                0x10010798      0x374 CMakeFiles/pico-atari.dir/src/gtia.c.obj
                0x10010798                GTIA_GetByte
 .text.GTIA_PutByte
                0x10010b0c      0x808 CMakeFiles/pico-atari.dir/src/gtia.c.obj
                0x10010b0c                GTIA_PutByte
 .text.GTIA_Initialise
                0x10011314       0x74 CMakeFiles/pico-atari.dir/src/gtia.c.obj
                0x10011314                GTIA_Initialise
 .text.GTIA_StateSave
                0x10011388      0x22c CMakeFiles/pico-atari.dir/src/gtia.c.obj
                0x10011388                GTIA_StateSave
 .text.GTIA_StateRead
                0x100115b4      0x358 CMakeFiles/pico-atari.dir/src/gtia.c.obj
                0x100115b4                GTIA_StateRead
 .text.WriteRecord
                0x1001190c       0x8c CMakeFiles/pico-atari.dir/src/img_tape.c.obj
 .text.CassetteFlush
                0x10011998       0x22 CMakeFiles/pico-atari.dir/src/img_tape.c.obj
 .text.EnlargeBuffer
                0x100119ba       0x22 CMakeFiles/pico-atari.dir/src/img_tape.c.obj
 .text.ReadNextRecord
                0x100119dc      0x13c CMakeFiles/pico-atari.dir/src/img_tape.c.obj
 .text.IMG_TAPE_FileSupported
                0x10011b18       0x20 CMakeFiles/pico-atari.dir/src/img_tape.c.obj
                0x10011b18                IMG_TAPE_FileSupported
 .text.IMG_TAPE_Open
                0x10011b38      0x1f0 CMakeFiles/pico-atari.dir/src/img_tape.c.obj
                0x10011b38                IMG_TAPE_Open
 .text.IMG_TAPE_Close
                0x10011d28       0x28 CMakeFiles/pico-atari.dir/src/img_tape.c.obj
                0x10011d28                IMG_TAPE_Close
 .text.IMG_TAPE_Read
                0x10011d50       0xcc CMakeFiles/pico-atari.dir/src/img_tape.c.obj
                0x10011d50                IMG_TAPE_Read
 .text.IMG_TAPE_WriteAdvance
                0x10011e1c       0x24 CMakeFiles/pico-atari.dir/src/img_tape.c.obj
                0x10011e1c                IMG_TAPE_WriteAdvance
 .text.IMG_TAPE_WriteByte
                0x10011e40       0x60 CMakeFiles/pico-atari.dir/src/img_tape.c.obj
                0x10011e40                IMG_TAPE_WriteByte
 .text.IMG_TAPE_Flush
                0x10011ea0       0x1c CMakeFiles/pico-atari.dir/src/img_tape.c.obj
                0x10011ea0                IMG_TAPE_Flush
 .text.IMG_TAPE_GetPosition
                0x10011ebc        0x4 CMakeFiles/pico-atari.dir/src/img_tape.c.obj
                0x10011ebc                IMG_TAPE_GetPosition
 .text.IMG_TAPE_GetSize
                0x10011ec0        0x4 CMakeFiles/pico-atari.dir/src/img_tape.c.obj
                0x10011ec0                IMG_TAPE_GetSize
 .text.IMG_TAPE_SerinStatus
                0x10011ec4       0x94 CMakeFiles/pico-atari.dir/src/img_tape.c.obj
                0x10011ec4                IMG_TAPE_SerinStatus
 .text.IMG_TAPE_SkipToData
                0x10011f58       0x98 CMakeFiles/pico-atari.dir/src/img_tape.c.obj
                0x10011f58                IMG_TAPE_SkipToData
 .text.IMG_TAPE_ReadToMemory
                0x10011ff0       0x7c CMakeFiles/pico-atari.dir/src/img_tape.c.obj
                0x10011ff0                IMG_TAPE_ReadToMemory
 .text.IMG_TAPE_WriteFromMemory
                0x1001206c       0x54 CMakeFiles/pico-atari.dir/src/img_tape.c.obj
                0x1001206c                IMG_TAPE_WriteFromMemory
 .text.mouse_step
                0x100120c0      0x134 CMakeFiles/pico-atari.dir/src/input.c.obj
 .text.INPUT_Exit
                0x100121f4        0x2 CMakeFiles/pico-atari.dir/src/input.c.obj
                0x100121f4                INPUT_Exit
 *fill*         0x100121f6        0x2 
 .text.INPUT_Frame
                0x100121f8      0x750 CMakeFiles/pico-atari.dir/src/input.c.obj
                0x100121f8                INPUT_Frame
 .text.INPUT_Recording
                0x10012948        0x4 CMakeFiles/pico-atari.dir/src/input.c.obj
                0x10012948                INPUT_Recording
 .text.INPUT_Playingback
                0x1001294c        0x4 CMakeFiles/pico-atari.dir/src/input.c.obj
                0x1001294c                INPUT_Playingback
 .text.INPUT_RecordInt
                0x10012950        0x2 CMakeFiles/pico-atari.dir/src/input.c.obj
                0x10012950                INPUT_RecordInt
 .text.INPUT_PlaybackInt
                0x10012952        0x4 CMakeFiles/pico-atari.dir/src/input.c.obj
                0x10012952                INPUT_PlaybackInt
 *fill*         0x10012956        0x2 
 .text.INPUT_Scanline
                0x10012958       0xb4 CMakeFiles/pico-atari.dir/src/input.c.obj
                0x10012958                INPUT_Scanline
 .text.INPUT_SelectMultiJoy
                0x10012a0c       0x4c CMakeFiles/pico-atari.dir/src/input.c.obj
                0x10012a0c                INPUT_SelectMultiJoy
 .text.INPUT_CenterMousePointer
                0x10012a58       0x58 CMakeFiles/pico-atari.dir/src/input.c.obj
                0x10012a58                INPUT_CenterMousePointer
 .text.INPUT_Initialise
                0x10012ab0      0x300 CMakeFiles/pico-atari.dir/src/input.c.obj
                0x10012ab0                INPUT_Initialise
 .text.INPUT_DrawMousePointer
                0x10012db0      0x100 CMakeFiles/pico-atari.dir/src/input.c.obj
                0x10012db0                INPUT_DrawMousePointer
 .text.LIBATARI800_ReadConfig
                0x10012eb0       0x30 CMakeFiles/pico-atari.dir/src/libatari800/init.c.obj
                0x10012eb0                LIBATARI800_ReadConfig
 .text.PLATFORM_PORT
                0x10012ee0       0x2c CMakeFiles/pico-atari.dir/src/libatari800/input.c.obj
                0x10012ee0                PLATFORM_PORT
 .text.PLATFORM_TRIG
                0x10012f0c       0x30 CMakeFiles/pico-atari.dir/src/libatari800/input.c.obj
                0x10012f0c                PLATFORM_TRIG
 .text.PLATFORM_Configure
                0x10012f3c        0x8 CMakeFiles/pico-atari.dir/src/libatari800/main.c.obj
                0x10012f3c                PLATFORM_Configure
 .text.UI_SelectCartType
                0x10012f44       0x10 CMakeFiles/pico-atari.dir/src/libatari800/main.c.obj
                0x10012f44                UI_SelectCartType
 .text.UI_Initialise
                0x10012f54        0x4 CMakeFiles/pico-atari.dir/src/libatari800/main.c.obj
                0x10012f54                UI_Initialise
 .text.UI_Run   0x10012f58        0x2 CMakeFiles/pico-atari.dir/src/libatari800/main.c.obj
                0x10012f58                UI_Run
 *fill*         0x10012f5a        0x2 
 .text.PLATFORM_SoundSetup
                0x10012f5c       0x9c CMakeFiles/pico-atari.dir/src/libatari800/sound.c.obj
                0x10012f5c                PLATFORM_SoundSetup
 .text.PLATFORM_SoundExit
                0x10012ff8       0x10 CMakeFiles/pico-atari.dir/src/libatari800/sound.c.obj
                0x10012ff8                PLATFORM_SoundExit
 .text.PLATFORM_SoundPause
                0x10013008        0x2 CMakeFiles/pico-atari.dir/src/libatari800/sound.c.obj
                0x10013008                PLATFORM_SoundPause
 .text.PLATFORM_SoundContinue
                0x1001300a        0x2 CMakeFiles/pico-atari.dir/src/libatari800/sound.c.obj
                0x1001300a                PLATFORM_SoundContinue
 .text.PLATFORM_SoundAvailable
                0x1001300c       0x68 CMakeFiles/pico-atari.dir/src/libatari800/sound.c.obj
                0x1001300c                PLATFORM_SoundAvailable
 .text.PLATFORM_SoundWrite
                0x10013074       0x20 CMakeFiles/pico-atari.dir/src/libatari800/sound.c.obj
                0x10013074                PLATFORM_SoundWrite
 .text.Log_print
                0x10013094       0x48 CMakeFiles/pico-atari.dir/src/log.c.obj
                0x10013094                Log_print
 .text.Log_flushlog
                0x100130dc        0x2 CMakeFiles/pico-atari.dir/src/log.c.obj
                0x100130dc                Log_flushlog
 *fill*         0x100130de        0x2 
 .text.AllocXEMemory
                0x100130e0       0x5c CMakeFiles/pico-atari.dir/src/memory.c.obj
 .text.alloc_axlon_memory
                0x1001313c       0x60 CMakeFiles/pico-atari.dir/src/memory.c.obj
 .text.alloc_mosaic_memory
                0x1001319c       0x5c CMakeFiles/pico-atari.dir/src/memory.c.obj
 .text.builtin_cart
                0x100131f8       0x6c CMakeFiles/pico-atari.dir/src/memory.c.obj
 .text.AllocMapRAM
                0x10013264       0x4c CMakeFiles/pico-atari.dir/src/memory.c.obj
 .text.MEMORY_SizeValid
                0x100132b0       0x54 CMakeFiles/pico-atari.dir/src/memory.c.obj
                0x100132b0                MEMORY_SizeValid
 .text.MEMORY_InitialiseMachine
                0x10013304      0x1f0 CMakeFiles/pico-atari.dir/src/memory.c.obj
                0x10013304                MEMORY_InitialiseMachine
 .text.MEMORY_StateSave
                0x100134f4      0x1d4 CMakeFiles/pico-atari.dir/src/memory.c.obj
                0x100134f4                MEMORY_StateSave
 .text.MEMORY_StateRead
                0x100136c8      0x37c CMakeFiles/pico-atari.dir/src/memory.c.obj
                0x100136c8                MEMORY_StateRead
 .text.MEMORY_HandlePORTB
                0x10013a44      0x52c CMakeFiles/pico-atari.dir/src/memory.c.obj
                0x10013a44                MEMORY_HandlePORTB
 .text.MEMORY_Cart809fDisable
                0x10013f70       0x58 CMakeFiles/pico-atari.dir/src/memory.c.obj
                0x10013f70                MEMORY_Cart809fDisable
 .text.MEMORY_Cart809fEnable
                0x10013fc8       0x4c CMakeFiles/pico-atari.dir/src/memory.c.obj
                0x10013fc8                MEMORY_Cart809fEnable
 .text.MEMORY_CartA0bfDisable
                0x10014014       0xa8 CMakeFiles/pico-atari.dir/src/memory.c.obj
                0x10014014                MEMORY_CartA0bfDisable
 .text.MEMORY_CartA0bfEnable
                0x100140bc       0x78 CMakeFiles/pico-atari.dir/src/memory.c.obj
                0x100140bc                MEMORY_CartA0bfEnable
 .text.MEMORY_HwGetByte
                0x10014134      0x1a8 CMakeFiles/pico-atari.dir/src/memory.c.obj
                0x10014134                MEMORY_HwGetByte
 .text.MEMORY_CopyFromMem
                0x100142dc       0x38 CMakeFiles/pico-atari.dir/src/memory.c.obj
                0x100142dc                MEMORY_CopyFromMem
 .text.MEMORY_HwPutByte
                0x10014314      0x2a4 CMakeFiles/pico-atari.dir/src/memory.c.obj
                0x10014314                MEMORY_HwPutByte
 .text.MEMORY_CopyToMem
                0x100145b8       0x3c CMakeFiles/pico-atari.dir/src/memory.c.obj
                0x100145b8                MEMORY_CopyToMem
 .text.get_token
                0x100145f4       0x3c CMakeFiles/pico-atari.dir/src/monitor.c.obj
 .text.screen_to_asc
                0x10014630       0x1e CMakeFiles/pico-atari.dir/src/monitor.c.obj
 .text.asc_to_screen
                0x1001464e       0x20 CMakeFiles/pico-atari.dir/src/monitor.c.obj
 *fill*         0x1001466e        0x2 
 .text.show_instruction
                0x10014670      0x16c CMakeFiles/pico-atari.dir/src/monitor.c.obj
 .text.safe_gets
                0x100147dc       0x30 CMakeFiles/pico-atari.dir/src/monitor.c.obj
 .text.pager    0x1001480c       0x24 CMakeFiles/pico-atari.dir/src/monitor.c.obj
 .text.get_bool
                0x10014830       0x24 CMakeFiles/pico-atari.dir/src/monitor.c.obj
 .text.print_flags
                0x10014854       0x30 CMakeFiles/pico-atari.dir/src/monitor.c.obj
 .text.asc_to_hex
                0x10014884       0x34 CMakeFiles/pico-atari.dir/src/monitor.c.obj
 .text.get_dec  0x100148b8       0x1e CMakeFiles/pico-atari.dir/src/monitor.c.obj
 *fill*         0x100148d6        0x2 
 .text.save_load_state
                0x100148d8       0x5c CMakeFiles/pico-atari.dir/src/monitor.c.obj
 .text.parse_hex
                0x10014934       0xa0 CMakeFiles/pico-atari.dir/src/monitor.c.obj
 .text.get_hex  0x100149d4       0x1a CMakeFiles/pico-atari.dir/src/monitor.c.obj
 *fill*         0x100149ee        0x2 
 .text.get_ubyte
                0x100149f0       0x28 CMakeFiles/pico-atari.dir/src/monitor.c.obj
 .text.monitor_show_mem
                0x10014a18       0xa4 CMakeFiles/pico-atari.dir/src/monitor.c.obj
 .text.print_graphics
                0x10014abc      0x200 CMakeFiles/pico-atari.dir/src/monitor.c.obj
 .text.fp_to_hex
                0x10014cbc      0x21c CMakeFiles/pico-atari.dir/src/monitor.c.obj
 .text.show_cartridge_info.part.0
                0x10014ed8      0x3bc CMakeFiles/pico-atari.dir/src/monitor.c.obj
 .text.get_hex3
                0x10015294       0x28 CMakeFiles/pico-atari.dir/src/monitor.c.obj
 .text.print_fp_dbl
                0x100152bc      0x108 CMakeFiles/pico-atari.dir/src/monitor.c.obj
 .text.string_search
                0x100153c4      0x104 CMakeFiles/pico-atari.dir/src/monitor.c.obj
 .text.get_hex2
                0x100154c8       0x18 CMakeFiles/pico-atari.dir/src/monitor.c.obj
 .text.get_attrib_range
                0x100154e0       0x28 CMakeFiles/pico-atari.dir/src/monitor.c.obj
 .text.hex_to_asc
                0x10015508       0x40 CMakeFiles/pico-atari.dir/src/monitor.c.obj
 .text.MONITOR_Exit
                0x10015548       0x20 CMakeFiles/pico-atari.dir/src/monitor.c.obj
                0x10015548                MONITOR_Exit
 .text.MONITOR_ShowState
                0x10015568       0x90 CMakeFiles/pico-atari.dir/src/monitor.c.obj
                0x10015568                MONITOR_ShowState
 .text.show_state
                0x100155f8       0x84 CMakeFiles/pico-atari.dir/src/monitor.c.obj
 .text.MONITOR_Run
                0x1001567c     0x16d4 CMakeFiles/pico-atari.dir/src/monitor.c.obj
                0x1001567c                MONITOR_Run
 .text.readout0_vo
                0x10016d50        0xc CMakeFiles/pico-atari.dir/src/mzpokeysnd.c.obj
 .text.readout0_hipass
                0x10016d5c       0x24 CMakeFiles/pico-atari.dir/src/mzpokeysnd.c.obj
 .text.readout0_normal
                0x10016d80       0x18 CMakeFiles/pico-atari.dir/src/mzpokeysnd.c.obj
 .text.readout1_vo
                0x10016d98        0xc CMakeFiles/pico-atari.dir/src/mzpokeysnd.c.obj
 .text.readout1_hipass
                0x10016da4       0x24 CMakeFiles/pico-atari.dir/src/mzpokeysnd.c.obj
 .text.readout1_normal
                0x10016dc8       0x18 CMakeFiles/pico-atari.dir/src/mzpokeysnd.c.obj
 .text.readout2_vo
                0x10016de0        0xc CMakeFiles/pico-atari.dir/src/mzpokeysnd.c.obj
 .text.readout2_normal
                0x10016dec       0x18 CMakeFiles/pico-atari.dir/src/mzpokeysnd.c.obj
 .text.readout3_vo
                0x10016e04        0xc CMakeFiles/pico-atari.dir/src/mzpokeysnd.c.obj
 .text.readout3_normal
                0x10016e10       0x18 CMakeFiles/pico-atari.dir/src/mzpokeysnd.c.obj
 .text.event0_pure
                0x10016e28       0x1c CMakeFiles/pico-atari.dir/src/mzpokeysnd.c.obj
 .text.event0_p5
                0x10016e44       0x20 CMakeFiles/pico-atari.dir/src/mzpokeysnd.c.obj
 .text.event0_p4
                0x10016e64       0x14 CMakeFiles/pico-atari.dir/src/mzpokeysnd.c.obj
 .text.event0_p917
                0x10016e78       0x14 CMakeFiles/pico-atari.dir/src/mzpokeysnd.c.obj
 .text.event0_p4_p5
                0x10016e8c       0x1c CMakeFiles/pico-atari.dir/src/mzpokeysnd.c.obj
 .text.event0_p917_p5
                0x10016ea8       0x1c CMakeFiles/pico-atari.dir/src/mzpokeysnd.c.obj
 .text.event1_pure
                0x10016ec4       0x1c CMakeFiles/pico-atari.dir/src/mzpokeysnd.c.obj
 .text.event1_p5
                0x10016ee0       0x20 CMakeFiles/pico-atari.dir/src/mzpokeysnd.c.obj
 .text.event1_p4
                0x10016f00       0x14 CMakeFiles/pico-atari.dir/src/mzpokeysnd.c.obj
 .text.event1_p917
                0x10016f14       0x14 CMakeFiles/pico-atari.dir/src/mzpokeysnd.c.obj
 .text.event1_p4_p5
                0x10016f28       0x1c CMakeFiles/pico-atari.dir/src/mzpokeysnd.c.obj
 .text.event1_p917_p5
                0x10016f44       0x1c CMakeFiles/pico-atari.dir/src/mzpokeysnd.c.obj
 .text.event2_pure
                0x10016f60       0x2c CMakeFiles/pico-atari.dir/src/mzpokeysnd.c.obj
 .text.event2_p5
                0x10016f8c       0x30 CMakeFiles/pico-atari.dir/src/mzpokeysnd.c.obj
 .text.event2_p4
                0x10016fbc       0x24 CMakeFiles/pico-atari.dir/src/mzpokeysnd.c.obj
 .text.event2_p917
                0x10016fe0       0x24 CMakeFiles/pico-atari.dir/src/mzpokeysnd.c.obj
 .text.event2_p4_p5
                0x10017004       0x2c CMakeFiles/pico-atari.dir/src/mzpokeysnd.c.obj
 .text.event2_p917_p5
                0x10017030       0x2c CMakeFiles/pico-atari.dir/src/mzpokeysnd.c.obj
 .text.event3_pure
                0x1001705c       0x2c CMakeFiles/pico-atari.dir/src/mzpokeysnd.c.obj
 .text.event3_p5
                0x10017088       0x30 CMakeFiles/pico-atari.dir/src/mzpokeysnd.c.obj
 .text.event3_p4
                0x100170b8       0x24 CMakeFiles/pico-atari.dir/src/mzpokeysnd.c.obj
 .text.event3_p917
                0x100170dc       0x24 CMakeFiles/pico-atari.dir/src/mzpokeysnd.c.obj
 .text.event3_p4_p5
                0x10017100       0x2c CMakeFiles/pico-atari.dir/src/mzpokeysnd.c.obj
 .text.event3_p917_p5
                0x1001712c       0x2c CMakeFiles/pico-atari.dir/src/mzpokeysnd.c.obj
 .text.Update_c0stop
                0x10017158       0xd4 CMakeFiles/pico-atari.dir/src/mzpokeysnd.c.obj
 .text.Update_c1stop
                0x1001722c       0xcc CMakeFiles/pico-atari.dir/src/mzpokeysnd.c.obj
 .text.Update_c2stop
                0x100172f8       0xdc CMakeFiles/pico-atari.dir/src/mzpokeysnd.c.obj
 .text.Update_c3stop
                0x100173d4       0xcc CMakeFiles/pico-atari.dir/src/mzpokeysnd.c.obj
 .text.Update_c0divstart
                0x100174a0       0x60 CMakeFiles/pico-atari.dir/src/mzpokeysnd.c.obj
 .text.Update_c1divstart
                0x10017500       0x44 CMakeFiles/pico-atari.dir/src/mzpokeysnd.c.obj
 .text.Update_c2divstart
                0x10017544       0x64 CMakeFiles/pico-atari.dir/src/mzpokeysnd.c.obj
 .text.Update_c3divstart
                0x100175a8       0x48 CMakeFiles/pico-atari.dir/src/mzpokeysnd.c.obj
 .text.generate_sample
                0x100175f0      0x608 CMakeFiles/pico-atari.dir/src/mzpokeysnd.c.obj
 .text.mzpokeysnd_process_8
                0x10017bf8      0x130 CMakeFiles/pico-atari.dir/src/mzpokeysnd.c.obj
 .text.mzpokeysnd_process_16
                0x10017d28      0x11c CMakeFiles/pico-atari.dir/src/mzpokeysnd.c.obj
 .text.Update_pokey_sound_mz
                0x10017e44      0x764 CMakeFiles/pico-atari.dir/src/mzpokeysnd.c.obj
 .text.MZPOKEYSND_Init
                0x100185a8      0x85c CMakeFiles/pico-atari.dir/src/mzpokeysnd.c.obj
                0x100185a8                MZPOKEYSND_Init
 .text.PBI_Initialise
                0x10018e04        0x4 CMakeFiles/pico-atari.dir/src/pbi.c.obj
                0x10018e04                PBI_Initialise
 .text.PBI_Exit
                0x10018e08        0x2 CMakeFiles/pico-atari.dir/src/pbi.c.obj
                0x10018e08                PBI_Exit
 .text.PBI_ReadConfig
                0x10018e0a        0x4 CMakeFiles/pico-atari.dir/src/pbi.c.obj
                0x10018e0a                PBI_ReadConfig
 .text.PBI_WriteConfig
                0x10018e0e        0x2 CMakeFiles/pico-atari.dir/src/pbi.c.obj
                0x10018e0e                PBI_WriteConfig
 .text.PBI_D1GetByte
                0x10018e10        0x4 CMakeFiles/pico-atari.dir/src/pbi.c.obj
                0x10018e10                PBI_D1GetByte
 .text.PBI_D1PutByte
                0x10018e14       0x5c CMakeFiles/pico-atari.dir/src/pbi.c.obj
                0x10018e14                PBI_D1PutByte
 .text.PBI_Reset
                0x10018e70       0x1c CMakeFiles/pico-atari.dir/src/pbi.c.obj
                0x10018e70                PBI_Reset
 .text.PBI_D6GetByte
                0x10018e8c       0x30 CMakeFiles/pico-atari.dir/src/pbi.c.obj
                0x10018e8c                PBI_D6GetByte
 .text.PBI_D6PutByte
                0x10018ebc       0x2c CMakeFiles/pico-atari.dir/src/pbi.c.obj
                0x10018ebc                PBI_D6PutByte
 .text.PBI_D7GetByte
                0x10018ee8       0x1c CMakeFiles/pico-atari.dir/src/pbi.c.obj
                0x10018ee8                PBI_D7GetByte
 .text.PBI_D7PutByte
                0x10018f04       0x18 CMakeFiles/pico-atari.dir/src/pbi.c.obj
                0x10018f04                PBI_D7PutByte
 .text.PBI_StateSave
                0x10018f1c       0x28 CMakeFiles/pico-atari.dir/src/pbi.c.obj
                0x10018f1c                PBI_StateSave
 .text.PBI_StateRead
                0x10018f44       0x28 CMakeFiles/pico-atari.dir/src/pbi.c.obj
                0x10018f44                PBI_StateRead
 .text.set_CA2  0x10018f6c       0x1c CMakeFiles/pico-atari.dir/src/pia.c.obj
 .text.update_PIA_IRQ
                0x10018f88       0x54 CMakeFiles/pico-atari.dir/src/pia.c.obj
 .text.set_CB2  0x10018fdc       0x1c CMakeFiles/pico-atari.dir/src/pia.c.obj
 .text.PIA_Initialise
                0x10018ff8       0x54 CMakeFiles/pico-atari.dir/src/pia.c.obj
                0x10018ff8                PIA_Initialise
 .text.PIA_Reset
                0x1001904c       0x34 CMakeFiles/pico-atari.dir/src/pia.c.obj
                0x1001904c                PIA_Reset
 .text.PIA_GetByte
                0x10019080       0xd4 CMakeFiles/pico-atari.dir/src/pia.c.obj
                0x10019080                PIA_GetByte
 .text.PIA_PutByte
                0x10019154      0x1f4 CMakeFiles/pico-atari.dir/src/pia.c.obj
                0x10019154                PIA_PutByte
 .text.PIA_StateSave
                0x10019348       0x94 CMakeFiles/pico-atari.dir/src/pia.c.obj
                0x10019348                PIA_StateSave
 .text.PIA_StateRead
                0x100193dc      0x120 CMakeFiles/pico-atari.dir/src/pia.c.obj
                0x100193dc                PIA_StateRead
 .text.Update_Counter
                0x100194fc       0xa8 CMakeFiles/pico-atari.dir/src/pokey.c.obj
 .text.POKEY_GetByte
                0x100195a4       0xf0 CMakeFiles/pico-atari.dir/src/pokey.c.obj
                0x100195a4                POKEY_GetByte
 .text.POKEY_PutByte
                0x10019694      0x25c CMakeFiles/pico-atari.dir/src/pokey.c.obj
                0x10019694                POKEY_PutByte
 .text.POKEY_Initialise
                0x100198f0      0x120 CMakeFiles/pico-atari.dir/src/pokey.c.obj
                0x100198f0                POKEY_Initialise
 .text.POKEY_Frame
                0x10019a10       0x30 CMakeFiles/pico-atari.dir/src/pokey.c.obj
                0x10019a10                POKEY_Frame
 .text.POKEY_Scanline
                0x10019a40      0x180 CMakeFiles/pico-atari.dir/src/pokey.c.obj
                0x10019a40                POKEY_Scanline
 .text.POKEY_StateSave
                0x10019bc0       0xb8 CMakeFiles/pico-atari.dir/src/pokey.c.obj
                0x10019bc0                POKEY_StateSave
 .text.POKEY_StateRead
                0x10019c78       0xdc CMakeFiles/pico-atari.dir/src/pokey.c.obj
                0x10019c78                POKEY_StateRead
 .text.null_pokey_process
                0x10019d54        0x2 CMakeFiles/pico-atari.dir/src/pokeysnd.c.obj
 .text.null_pokey_sound
                0x10019d56        0x2 CMakeFiles/pico-atari.dir/src/pokeysnd.c.obj
 .text.Update_pokey_sound_rf
                0x10019d58      0x23c CMakeFiles/pico-atari.dir/src/pokeysnd.c.obj
 .text.pokeysnd_process_8
                0x10019f94      0x2c0 CMakeFiles/pico-atari.dir/src/pokeysnd.c.obj
 .text.pokeysnd_process_16
                0x1001a254       0x44 CMakeFiles/pico-atari.dir/src/pokeysnd.c.obj
 .text.POKEYSND_DoInit
                0x1001a298       0xf4 CMakeFiles/pico-atari.dir/src/pokeysnd.c.obj
                0x1001a298                POKEYSND_DoInit
 .text.POKEYSND_Init
                0x1001a38c       0x28 CMakeFiles/pico-atari.dir/src/pokeysnd.c.obj
                0x1001a38c                POKEYSND_Init
 .text.POKEYSND_Process
                0x1001a3b4       0x10 CMakeFiles/pico-atari.dir/src/pokeysnd.c.obj
                0x1001a3b4                POKEYSND_Process
 .text.POKEYSND_Update
                0x1001a3c4       0x10 CMakeFiles/pico-atari.dir/src/pokeysnd.c.obj
                0x1001a3c4                POKEYSND_Update
 .text.POKEYSND_SetVolume
                0x1001a3d4       0x20 CMakeFiles/pico-atari.dir/src/pokeysnd.c.obj
                0x1001a3d4                POKEYSND_SetVolume
 .text.CalcParms
                0x1001a3f4      0x1e8 CMakeFiles/pico-atari.dir/src/remez.c.obj
 .text.ComputeA
                0x1001a5dc       0xe8 CMakeFiles/pico-atari.dir/src/remez.c.obj
 .text.REMEZ_CreateFilter
                0x1001a6c4      0xb64 CMakeFiles/pico-atari.dir/src/remez.c.obj
                0x1001a6c4                REMEZ_CreateFilter
 .text.RTIME_ReadConfig
                0x1001b228       0x2c CMakeFiles/pico-atari.dir/src/rtime.c.obj
                0x1001b228                RTIME_ReadConfig
 .text.RTIME_WriteConfig
                0x1001b254       0x18 CMakeFiles/pico-atari.dir/src/rtime.c.obj
                0x1001b254                RTIME_WriteConfig
 .text.RTIME_Initialise
                0x1001b26c       0x88 CMakeFiles/pico-atari.dir/src/rtime.c.obj
                0x1001b26c                RTIME_Initialise
 .text.RTIME_GetByte
                0x1001b2f4       0x3c CMakeFiles/pico-atari.dir/src/rtime.c.obj
                0x1001b2f4                RTIME_GetByte
 .text.RTIME_PutByte
                0x1001b330       0x50 CMakeFiles/pico-atari.dir/src/rtime.c.obj
                0x1001b330                RTIME_PutByte
 .text.SmallFont_DrawChar
                0x1001b380       0x50 CMakeFiles/pico-atari.dir/src/screen.c.obj
 .text.SmallFont_DrawInt
                0x1001b3d0       0x34 CMakeFiles/pico-atari.dir/src/screen.c.obj
 .text.Screen_Initialise
                0x1001b404       0x90 CMakeFiles/pico-atari.dir/src/screen.c.obj
                0x1001b404                Screen_Initialise
 .text.Screen_ReadConfig
                0x1001b494       0x8c CMakeFiles/pico-atari.dir/src/screen.c.obj
                0x1001b494                Screen_ReadConfig
 .text.Screen_WriteConfig
                0x1001b520       0x54 CMakeFiles/pico-atari.dir/src/screen.c.obj
                0x1001b520                Screen_WriteConfig
 .text.Screen_DrawAtariSpeed
                0x1001b574       0xd8 CMakeFiles/pico-atari.dir/src/screen.c.obj
                0x1001b574                Screen_DrawAtariSpeed
 .text.Screen_DrawDiskLED
                0x1001b64c      0x124 CMakeFiles/pico-atari.dir/src/screen.c.obj
                0x1001b64c                Screen_DrawDiskLED
 .text.Screen_Draw1200LED
                0x1001b770       0x9c CMakeFiles/pico-atari.dir/src/screen.c.obj
                0x1001b770                Screen_Draw1200LED
 .text.SIO_Initialise
                0x1001b80c       0x4c CMakeFiles/pico-atari.dir/src/sio.c.obj
                0x1001b80c                SIO_Initialise
 .text.SIO_Dismount
                0x1001b858       0x68 CMakeFiles/pico-atari.dir/src/sio.c.obj
                0x1001b858                SIO_Dismount
 .text.SIO_Exit
                0x1001b8c0       0x12 CMakeFiles/pico-atari.dir/src/sio.c.obj
                0x1001b8c0                SIO_Exit
 *fill*         0x1001b8d2        0x2 
 .text.SIO_Mount.part.0
                0x1001b8d4      0x674 CMakeFiles/pico-atari.dir/src/sio.c.obj
 .text.SIO_Mount
                0x1001bf48       0x26 CMakeFiles/pico-atari.dir/src/sio.c.obj
                0x1001bf48                SIO_Mount
 *fill*         0x1001bf6e        0x2 
 .text.SIO_FormatDisk.part.0
                0x1001bf70      0x154 CMakeFiles/pico-atari.dir/src/sio.c.obj
 .text.SIO_DisableDrive
                0x1001c0c4       0x2c CMakeFiles/pico-atari.dir/src/sio.c.obj
                0x1001c0c4                SIO_DisableDrive
 .text.SIO_SizeOfSector
                0x1001c0f0       0xcc CMakeFiles/pico-atari.dir/src/sio.c.obj
                0x1001c0f0                SIO_SizeOfSector
 .text.SeekSector
                0x1001c1bc       0x4c CMakeFiles/pico-atari.dir/src/sio.c.obj
 .text.SIO_ReadSector
                0x1001c208      0x354 CMakeFiles/pico-atari.dir/src/sio.c.obj
                0x1001c208                SIO_ReadSector
 .text.SIO_WriteSector
                0x1001c55c       0x7c CMakeFiles/pico-atari.dir/src/sio.c.obj
                0x1001c55c                SIO_WriteSector
 .text.SIO_FormatDisk
                0x1001c5d8       0x3c CMakeFiles/pico-atari.dir/src/sio.c.obj
                0x1001c5d8                SIO_FormatDisk
 .text.SIO_WriteStatusBlock
                0x1001c614       0x60 CMakeFiles/pico-atari.dir/src/sio.c.obj
                0x1001c614                SIO_WriteStatusBlock
 .text.SIO_ReadStatusBlock
                0x1001c674       0xa8 CMakeFiles/pico-atari.dir/src/sio.c.obj
                0x1001c674                SIO_ReadStatusBlock
 .text.SIO_DriveStatus
                0x1001c71c      0x108 CMakeFiles/pico-atari.dir/src/sio.c.obj
                0x1001c71c                SIO_DriveStatus
 .text.SIO_Handler
                0x1001c824      0x330 CMakeFiles/pico-atari.dir/src/sio.c.obj
                0x1001c824                SIO_Handler
 .text.SIO_ChkSum
                0x1001cb54       0x20 CMakeFiles/pico-atari.dir/src/sio.c.obj
                0x1001cb54                SIO_ChkSum
 .text.SIO_SwitchCommandFrame
                0x1001cb74       0x68 CMakeFiles/pico-atari.dir/src/sio.c.obj
                0x1001cb74                SIO_SwitchCommandFrame
 .text.SIO_PutByte
                0x1001cbdc      0x134 CMakeFiles/pico-atari.dir/src/sio.c.obj
                0x1001cbdc                SIO_PutByte
 .text.SIO_GetByte
                0x1001cd10      0x304 CMakeFiles/pico-atari.dir/src/sio.c.obj
                0x1001cd10                SIO_GetByte
 .text.SIO_StateSave
                0x1001d014       0x28 CMakeFiles/pico-atari.dir/src/sio.c.obj
                0x1001d014                SIO_StateSave
 .text.SIO_StateRead
                0x1001d03c       0x58 CMakeFiles/pico-atari.dir/src/sio.c.obj
                0x1001d03c                SIO_StateRead
 .text.Sound_ReadConfig
                0x1001d094       0xa0 CMakeFiles/pico-atari.dir/src/sound.c.obj
                0x1001d094                Sound_ReadConfig
 .text.Sound_WriteConfig
                0x1001d134       0x4c CMakeFiles/pico-atari.dir/src/sound.c.obj
                0x1001d134                Sound_WriteConfig
 .text.Sound_Initialise
                0x1001d180      0x1a8 CMakeFiles/pico-atari.dir/src/sound.c.obj
                0x1001d180                Sound_Initialise
 .text.Sound_Exit
                0x1001d328       0x28 CMakeFiles/pico-atari.dir/src/sound.c.obj
                0x1001d328                Sound_Exit
 .text.Sound_Setup
                0x1001d350      0x11c CMakeFiles/pico-atari.dir/src/sound.c.obj
                0x1001d350                Sound_Setup
 .text.Sound_Pause
                0x1001d46c       0x24 CMakeFiles/pico-atari.dir/src/sound.c.obj
                0x1001d46c                Sound_Pause
 .text.Sound_Continue
                0x1001d490       0x24 CMakeFiles/pico-atari.dir/src/sound.c.obj
                0x1001d490                Sound_Continue
 .text.Sound_Update
                0x1001d4b4       0x5c CMakeFiles/pico-atari.dir/src/sound.c.obj
                0x1001d4b4                Sound_Update
 .text.GetGZErrorText
                0x1001d510       0x10 CMakeFiles/pico-atari.dir/src/statesav.c.obj
 .text.StateSav_SaveUBYTE
                0x1001d520       0x2c CMakeFiles/pico-atari.dir/src/statesav.c.obj
                0x1001d520                StateSav_SaveUBYTE
 .text.StateSav_ReadUBYTE
                0x1001d54c       0x2c CMakeFiles/pico-atari.dir/src/statesav.c.obj
                0x1001d54c                StateSav_ReadUBYTE
 .text.StateSav_SaveUWORD
                0x1001d578       0x60 CMakeFiles/pico-atari.dir/src/statesav.c.obj
                0x1001d578                StateSav_SaveUWORD
 .text.StateSav_ReadUWORD
                0x1001d5d8       0x60 CMakeFiles/pico-atari.dir/src/statesav.c.obj
                0x1001d5d8                StateSav_ReadUWORD
 .text.StateSav_SaveINT
                0x1001d638       0xa0 CMakeFiles/pico-atari.dir/src/statesav.c.obj
                0x1001d638                StateSav_SaveINT
 .text.StateSav_ReadINT
                0x1001d6d8       0xa0 CMakeFiles/pico-atari.dir/src/statesav.c.obj
                0x1001d6d8                StateSav_ReadINT
 .text.StateSav_SaveFNAME
                0x1001d778       0x64 CMakeFiles/pico-atari.dir/src/statesav.c.obj
                0x1001d778                StateSav_SaveFNAME
 .text.StateSav_ReadFNAME
                0x1001d7dc       0x38 CMakeFiles/pico-atari.dir/src/statesav.c.obj
                0x1001d7dc                StateSav_ReadFNAME
 .text.StateSav_SaveAtariState
                0x1001d814       0xf8 CMakeFiles/pico-atari.dir/src/statesav.c.obj
                0x1001d814                StateSav_SaveAtariState
 .text.StateSav_ReadAtariState
                0x1001d90c      0x1ac CMakeFiles/pico-atari.dir/src/statesav.c.obj
                0x1001d90c                StateSav_ReadAtariState
 .text.AutoChooseROM
                0x1001dab8       0x2c CMakeFiles/pico-atari.dir/src/sysrom.c.obj
 .text.ClearUnsetFlag
                0x1001dae4       0x24 CMakeFiles/pico-atari.dir/src/sysrom.c.obj
 .text.MatchROMVersionParameter
                0x1001db08       0x44 CMakeFiles/pico-atari.dir/src/sysrom.c.obj
 .text.SYSROM_SetPath
                0x1001db4c       0xc8 CMakeFiles/pico-atari.dir/src/sysrom.c.obj
                0x1001db4c                SYSROM_SetPath
 .text.SYSROM_FindInDir
                0x1001dc14      0x188 CMakeFiles/pico-atari.dir/src/sysrom.c.obj
                0x1001dc14                SYSROM_FindInDir
 .text.SYSROM_SetDefaults
                0x1001dd9c       0x20 CMakeFiles/pico-atari.dir/src/sysrom.c.obj
                0x1001dd9c                SYSROM_SetDefaults
 .text.SYSROM_AutoChooseOS
                0x1001ddbc       0x6c CMakeFiles/pico-atari.dir/src/sysrom.c.obj
                0x1001ddbc                SYSROM_AutoChooseOS
 .text.SYSROM_AutoChooseBASIC
                0x1001de28       0x10 CMakeFiles/pico-atari.dir/src/sysrom.c.obj
                0x1001de28                SYSROM_AutoChooseBASIC
 .text.SYSROM_AutoChooseXEGame
                0x1001de38       0x10 CMakeFiles/pico-atari.dir/src/sysrom.c.obj
                0x1001de38                SYSROM_AutoChooseXEGame
 .text.SYSROM_ChooseROMs
                0x1001de48       0xb0 CMakeFiles/pico-atari.dir/src/sysrom.c.obj
                0x1001de48                SYSROM_ChooseROMs
 .text.SYSROM_LoadImage
                0x1001def8       0x2c CMakeFiles/pico-atari.dir/src/sysrom.c.obj
                0x1001def8                SYSROM_LoadImage
 .text.SYSROM_ReadConfig
                0x1001df24      0x1a0 CMakeFiles/pico-atari.dir/src/sysrom.c.obj
                0x1001df24                SYSROM_ReadConfig
 .text.SYSROM_WriteConfig
                0x1001e0c4       0xa8 CMakeFiles/pico-atari.dir/src/sysrom.c.obj
                0x1001e0c4                SYSROM_WriteConfig
 .text.SYSROM_Initialise
                0x1001e16c      0x2b4 CMakeFiles/pico-atari.dir/src/sysrom.c.obj
                0x1001e16c                SYSROM_Initialise
 .text.Util_strnicmp
                0x1001e420       0x4c CMakeFiles/pico-atari.dir/src/util.c.obj
                0x1001e420                Util_strnicmp
 .text.Util_stpcpy
                0x1001e46c       0x1c CMakeFiles/pico-atari.dir/src/util.c.obj
                0x1001e46c                Util_stpcpy
 .text.Util_strncpy
                0x1001e488       0x2c CMakeFiles/pico-atari.dir/src/util.c.obj
                0x1001e488                Util_strncpy
 .text.Util_strlcpy
                0x1001e4b4       0x16 CMakeFiles/pico-atari.dir/src/util.c.obj
                0x1001e4b4                Util_strlcpy
 .text.Util_strupper
                0x1001e4ca       0x1a CMakeFiles/pico-atari.dir/src/util.c.obj
                0x1001e4ca                Util_strupper
 .text.Util_chomp
                0x1001e4e4       0x3a CMakeFiles/pico-atari.dir/src/util.c.obj
                0x1001e4e4                Util_chomp
 *fill*         0x1001e51e        0x2 
 .text.Util_trim
                0x1001e520       0x6c CMakeFiles/pico-atari.dir/src/util.c.obj
                0x1001e520                Util_trim
 .text.Util_sscandec
                0x1001e58c       0x30 CMakeFiles/pico-atari.dir/src/util.c.obj
                0x1001e58c                Util_sscandec
 .text.Util_sscansdec
                0x1001e5bc       0x3a CMakeFiles/pico-atari.dir/src/util.c.obj
                0x1001e5bc                Util_sscansdec
 .text.Util_sscandouble
                0x1001e5f6       0x34 CMakeFiles/pico-atari.dir/src/util.c.obj
                0x1001e5f6                Util_sscandouble
 .text.Util_sscanhex
                0x1001e62a       0x4a CMakeFiles/pico-atari.dir/src/util.c.obj
                0x1001e62a                Util_sscanhex
 .text.Util_sscanbool
                0x1001e674       0x26 CMakeFiles/pico-atari.dir/src/util.c.obj
                0x1001e674                Util_sscanbool
 *fill*         0x1001e69a        0x2 
 .text.Util_malloc
                0x1001e69c       0x20 CMakeFiles/pico-atari.dir/src/util.c.obj
                0x1001e69c                Util_malloc
 .text.Util_realloc
                0x1001e6bc       0x20 CMakeFiles/pico-atari.dir/src/util.c.obj
                0x1001e6bc                Util_realloc
 .text.Util_splitpath
                0x1001e6dc       0x6a CMakeFiles/pico-atari.dir/src/util.c.obj
                0x1001e6dc                Util_splitpath
 *fill*         0x1001e746        0x2 
 .text.Util_catpath
                0x1001e748       0x44 CMakeFiles/pico-atari.dir/src/util.c.obj
                0x1001e748                Util_catpath
 .text.Util_fileexists
                0x1001e78c       0x1c CMakeFiles/pico-atari.dir/src/util.c.obj
                0x1001e78c                Util_fileexists
 .text.Util_direxists
                0x1001e7a8        0x4 CMakeFiles/pico-atari.dir/src/util.c.obj
                0x1001e7a8                Util_direxists
 .text.Util_flen
                0x1001e7ac       0x14 CMakeFiles/pico-atari.dir/src/util.c.obj
                0x1001e7ac                Util_flen
 .text.Util_uniqopen
                0x1001e7c0       0x40 CMakeFiles/pico-atari.dir/src/util.c.obj
                0x1001e7c0                Util_uniqopen
 .text.Util_time
                0x1001e800        0x8 CMakeFiles/pico-atari.dir/src/util.c.obj
                0x1001e800                Util_time
 .text.Util_sleep
                0x1001e808       0x40 CMakeFiles/pico-atari.dir/src/util.c.obj
                0x1001e808                Util_sleep
 .text.Util_getcwd
                0x1001e848        0xa CMakeFiles/pico-atari.dir/src/util.c.obj
                0x1001e848                Util_getcwd
 .text.ReturnSame
                0x1001e852        0x2 CMakeFiles/pico-atari.dir/src/videomode.c.obj
 .text.GetOutArea
                0x1001e854       0xac CMakeFiles/pico-atari.dir/src/videomode.c.obj
 .text.UpdateCustomStretch
                0x1001e900       0x38 CMakeFiles/pico-atari.dir/src/videomode.c.obj
 .text.CompareResolutions
                0x1001e938       0x16 CMakeFiles/pico-atari.dir/src/videomode.c.obj
 .text.AutodetectHostAspect
                0x1001e94e       0x5a CMakeFiles/pico-atari.dir/src/videomode.c.obj
 .text.ParseAspectRatio
                0x1001e9a8       0x54 CMakeFiles/pico-atari.dir/src/videomode.c.obj
 .text.CurrentDisplayMode
                0x1001e9fc       0x2c CMakeFiles/pico-atari.dir/src/videomode.c.obj
 .text.SetVideoMode.constprop.0
                0x1001ea28      0x140 CMakeFiles/pico-atari.dir/src/videomode.c.obj
 .text.ComputeVideoArea.constprop.0
                0x1001eb68      0x270 CMakeFiles/pico-atari.dir/src/videomode.c.obj
 .text.UpdateVideoFullscreen
                0x1001edd8       0xf0 CMakeFiles/pico-atari.dir/src/videomode.c.obj
 .text.UpdateVideoWindowed
                0x1001eec8       0xd4 CMakeFiles/pico-atari.dir/src/videomode.c.obj
 .text.VIDEOMODE_Update
                0x1001ef9c       0x24 CMakeFiles/pico-atari.dir/src/videomode.c.obj
                0x1001ef9c                VIDEOMODE_Update
 .text.SetIntAndUpdateVideo
                0x1001efc0       0x1c CMakeFiles/pico-atari.dir/src/videomode.c.obj
 .text.VIDEOMODE_Set80Column
                0x1001efdc       0x10 CMakeFiles/pico-atari.dir/src/videomode.c.obj
                0x1001efdc                VIDEOMODE_Set80Column
 .text.VIDEOMODE_SetVideoSystem
                0x1001efec       0x3c CMakeFiles/pico-atari.dir/src/videomode.c.obj
                0x1001efec                VIDEOMODE_SetVideoSystem
 .text.VIDEOMODE_ReadConfig
                0x1001f028      0x270 CMakeFiles/pico-atari.dir/src/videomode.c.obj
                0x1001f028                VIDEOMODE_ReadConfig
 .text.VIDEOMODE_WriteConfig
                0x1001f298      0x1c4 CMakeFiles/pico-atari.dir/src/videomode.c.obj
                0x1001f298                VIDEOMODE_WriteConfig
 .text.VIDEOMODE_Initialise
                0x1001f45c      0x46c CMakeFiles/pico-atari.dir/src/videomode.c.obj
                0x1001f45c                VIDEOMODE_Initialise
 .text.VIDEOMODE_InitialiseDisplay
                0x1001f8c8      0x17c CMakeFiles/pico-atari.dir/src/videomode.c.obj
                0x1001f8c8                VIDEOMODE_InitialiseDisplay
 .text.VIDEOMODE_Exit
                0x1001fa44       0x14 CMakeFiles/pico-atari.dir/src/videomode.c.obj
                0x1001fa44                VIDEOMODE_Exit
 .text.running_on_fpga
                0x1001fa58       0x10 CMakeFiles/pico-atari.dir/C_/Program_Files/Raspberry_Pi/Pico_SDK_v1.5.1/pico-sdk/src/rp2_common/pico_platform/platform.c.obj
                0x1001fa58                running_on_fpga
 .text.hw_claim_lock
                0x1001fa68       0x18 CMakeFiles/pico-atari.dir/C_/Program_Files/Raspberry_Pi/Pico_SDK_v1.5.1/pico-sdk/src/rp2_common/hardware_claim/claim.c.obj
                0x1001fa68                hw_claim_lock
 .text.hw_claim_unlock
                0x1001fa80       0x14 CMakeFiles/pico-atari.dir/C_/Program_Files/Raspberry_Pi/Pico_SDK_v1.5.1/pico-sdk/src/rp2_common/hardware_claim/claim.c.obj
                0x1001fa80                hw_claim_unlock
 .text.hw_is_claimed
                0x1001fa94       0x16 CMakeFiles/pico-atari.dir/C_/Program_Files/Raspberry_Pi/Pico_SDK_v1.5.1/pico-sdk/src/rp2_common/hardware_claim/claim.c.obj
                0x1001fa94                hw_is_claimed
 .text.hw_claim_or_assert
                0x1001faaa       0x3a CMakeFiles/pico-atari.dir/C_/Program_Files/Raspberry_Pi/Pico_SDK_v1.5.1/pico-sdk/src/rp2_common/hardware_claim/claim.c.obj
                0x1001faaa                hw_claim_or_assert
 .text.spin_locks_reset
                0x1001fae4       0x1c CMakeFiles/pico-atari.dir/C_/Program_Files/Raspberry_Pi/Pico_SDK_v1.5.1/pico-sdk/src/rp2_common/hardware_sync/sync.c.obj
                0x1001fae4                spin_locks_reset
 .text.next_striped_spin_lock_num
                0x1001fb00       0x18 CMakeFiles/pico-atari.dir/C_/Program_Files/Raspberry_Pi/Pico_SDK_v1.5.1/pico-sdk/src/rp2_common/hardware_sync/sync.c.obj
                0x1001fb00                next_striped_spin_lock_num
 .text.gpio_set_function
                0x1001fb18       0x2c CMakeFiles/pico-atari.dir/C_/Program_Files/Raspberry_Pi/Pico_SDK_v1.5.1/pico-sdk/src/rp2_common/hardware_gpio/gpio.c.obj
                0x1001fb18                gpio_set_function
 .text.gpio_set_pulls
                0x1001fb44       0x2c CMakeFiles/pico-atari.dir/C_/Program_Files/Raspberry_Pi/Pico_SDK_v1.5.1/pico-sdk/src/rp2_common/hardware_gpio/gpio.c.obj
                0x1001fb44                gpio_set_pulls
 .text.gpio_init
                0x1001fb70       0x16 CMakeFiles/pico-atari.dir/C_/Program_Files/Raspberry_Pi/Pico_SDK_v1.5.1/pico-sdk/src/rp2_common/hardware_gpio/gpio.c.obj
                0x1001fb70                gpio_init
 *fill*         0x1001fb86        0x2 
 .text.set_raw_irq_handler_and_unlock
                0x1001fb88       0x28 CMakeFiles/pico-atari.dir/C_/Program_Files/Raspberry_Pi/Pico_SDK_v1.5.1/pico-sdk/src/rp2_common/hardware_irq/irq.c.obj
 .text.irq_is_enabled
                0x1001fbb0       0x18 CMakeFiles/pico-atari.dir/C_/Program_Files/Raspberry_Pi/Pico_SDK_v1.5.1/pico-sdk/src/rp2_common/hardware_irq/irq.c.obj
                0x1001fbb0                irq_is_enabled
 .text.irq_set_mask_enabled
                0x1001fbc8       0x20 CMakeFiles/pico-atari.dir/C_/Program_Files/Raspberry_Pi/Pico_SDK_v1.5.1/pico-sdk/src/rp2_common/hardware_irq/irq.c.obj
                0x1001fbc8                irq_set_mask_enabled
 .text.irq_set_enabled
                0x1001fbe8        0xe CMakeFiles/pico-atari.dir/C_/Program_Files/Raspberry_Pi/Pico_SDK_v1.5.1/pico-sdk/src/rp2_common/hardware_irq/irq.c.obj
                0x1001fbe8                irq_set_enabled
 *fill*         0x1001fbf6        0x2 
 .text.irq_get_vtable_handler
                0x1001fbf8       0x10 CMakeFiles/pico-atari.dir/C_/Program_Files/Raspberry_Pi/Pico_SDK_v1.5.1/pico-sdk/src/rp2_common/hardware_irq/irq.c.obj
                0x1001fbf8                irq_get_vtable_handler
 .text.irq_set_exclusive_handler
                0x1001fc08       0x40 CMakeFiles/pico-atari.dir/C_/Program_Files/Raspberry_Pi/Pico_SDK_v1.5.1/pico-sdk/src/rp2_common/hardware_irq/irq.c.obj
                0x1001fc08                irq_set_exclusive_handler
 .text.irq_remove_handler
                0x1001fc48      0x164 CMakeFiles/pico-atari.dir/C_/Program_Files/Raspberry_Pi/Pico_SDK_v1.5.1/pico-sdk/src/rp2_common/hardware_irq/irq.c.obj
                0x1001fc48                irq_remove_handler
 .text.irq_add_tail_to_free_list
                0x1001fdac       0xa0 CMakeFiles/pico-atari.dir/C_/Program_Files/Raspberry_Pi/Pico_SDK_v1.5.1/pico-sdk/src/rp2_common/hardware_irq/irq.c.obj
                0x1001fdac                irq_add_tail_to_free_list
 .text.irq_init_priorities
                0x1001fe4c       0x24 CMakeFiles/pico-atari.dir/C_/Program_Files/Raspberry_Pi/Pico_SDK_v1.5.1/pico-sdk/src/rp2_common/hardware_irq/irq.c.obj
                0x1001fe4c                irq_init_priorities
 .text.lock_init
                0x1001fe70       0x10 CMakeFiles/pico-atari.dir/C_/Program_Files/Raspberry_Pi/Pico_SDK_v1.5.1/pico-sdk/src/common/pico_sync/lock_core.c.obj
                0x1001fe70                lock_init
 .text.mutex_init
                0x1001fe80       0x1a CMakeFiles/pico-atari.dir/C_/Program_Files/Raspberry_Pi/Pico_SDK_v1.5.1/pico-sdk/src/common/pico_sync/mutex.c.obj
                0x1001fe80                mutex_init
 .text.recursive_mutex_init
                0x1001fe9a       0x1a CMakeFiles/pico-atari.dir/C_/Program_Files/Raspberry_Pi/Pico_SDK_v1.5.1/pico-sdk/src/common/pico_sync/mutex.c.obj
                0x1001fe9a                recursive_mutex_init
 .text.time_reached
                0x1001feb4       0x28 CMakeFiles/pico-atari.dir/C_/Program_Files/Raspberry_Pi/Pico_SDK_v1.5.1/pico-sdk/src/common/pico_time/time.c.obj
 .text.timer_pool_entry_comparator
                0x1001fedc       0x30 CMakeFiles/pico-atari.dir/C_/Program_Files/Raspberry_Pi/Pico_SDK_v1.5.1/pico-sdk/src/common/pico_time/time.c.obj
                0x1001fedc                timer_pool_entry_comparator
 .text.alarm_pool_post_alloc_init
                0x1001ff0c       0x40 CMakeFiles/pico-atari.dir/C_/Program_Files/Raspberry_Pi/Pico_SDK_v1.5.1/pico-sdk/src/common/pico_time/time.c.obj
 .text.sleep_until_callback
                0x1001ff4c       0x30 CMakeFiles/pico-atari.dir/C_/Program_Files/Raspberry_Pi/Pico_SDK_v1.5.1/pico-sdk/src/common/pico_time/time.c.obj
 .text.ph_add_child_node.isra.0
                0x1001ff7c       0x22 CMakeFiles/pico-atari.dir/C_/Program_Files/Raspberry_Pi/Pico_SDK_v1.5.1/pico-sdk/src/common/pico_time/time.c.obj
 *fill*         0x1001ff9e        0x2 
 .text.add_alarm_under_lock
                0x1001ffa0       0xc8 CMakeFiles/pico-atari.dir/C_/Program_Files/Raspberry_Pi/Pico_SDK_v1.5.1/pico-sdk/src/common/pico_time/time.c.obj
 .text.alarm_pool_alarm_callback
                0x10020068      0x194 CMakeFiles/pico-atari.dir/C_/Program_Files/Raspberry_Pi/Pico_SDK_v1.5.1/pico-sdk/src/common/pico_time/time.c.obj
 .text.alarm_pool_init_default
                0x100201fc       0x3c CMakeFiles/pico-atari.dir/C_/Program_Files/Raspberry_Pi/Pico_SDK_v1.5.1/pico-sdk/src/common/pico_time/time.c.obj
                0x100201fc                alarm_pool_init_default
 .text.alarm_pool_add_alarm_at
                0x10020238       0xcc CMakeFiles/pico-atari.dir/C_/Program_Files/Raspberry_Pi/Pico_SDK_v1.5.1/pico-sdk/src/common/pico_time/time.c.obj
                0x10020238                alarm_pool_add_alarm_at
 .text.alarm_pool_cancel_alarm
                0x10020304       0x6a CMakeFiles/pico-atari.dir/C_/Program_Files/Raspberry_Pi/Pico_SDK_v1.5.1/pico-sdk/src/common/pico_time/time.c.obj
                0x10020304                alarm_pool_cancel_alarm
 *fill*         0x1002036e        0x2 
 .text.sleep_until
                0x10020370       0x98 CMakeFiles/pico-atari.dir/C_/Program_Files/Raspberry_Pi/Pico_SDK_v1.5.1/pico-sdk/src/common/pico_time/time.c.obj
                0x10020370                sleep_until
 .text.sleep_us
                0x10020408       0x24 CMakeFiles/pico-atari.dir/C_/Program_Files/Raspberry_Pi/Pico_SDK_v1.5.1/pico-sdk/src/common/pico_time/time.c.obj
                0x10020408                sleep_us
 .text.sleep_ms
                0x1002042c       0x14 CMakeFiles/pico-atari.dir/C_/Program_Files/Raspberry_Pi/Pico_SDK_v1.5.1/pico-sdk/src/common/pico_time/time.c.obj
                0x1002042c                sleep_ms
 .text.best_effort_wfe_or_timeout
                0x10020440       0x44 CMakeFiles/pico-atari.dir/C_/Program_Files/Raspberry_Pi/Pico_SDK_v1.5.1/pico-sdk/src/common/pico_time/time.c.obj
                0x10020440                best_effort_wfe_or_timeout
 .text.hardware_alarm_irq_handler
                0x10020484       0x94 CMakeFiles/pico-atari.dir/C_/Program_Files/Raspberry_Pi/Pico_SDK_v1.5.1/pico-sdk/src/rp2_common/hardware_timer/timer.c.obj
 .text.hardware_alarm_claim
                0x10020518       0x18 CMakeFiles/pico-atari.dir/C_/Program_Files/Raspberry_Pi/Pico_SDK_v1.5.1/pico-sdk/src/rp2_common/hardware_timer/timer.c.obj
                0x10020518                hardware_alarm_claim
 .text.time_us_64
                0x10020530       0x14 CMakeFiles/pico-atari.dir/C_/Program_Files/Raspberry_Pi/Pico_SDK_v1.5.1/pico-sdk/src/rp2_common/hardware_timer/timer.c.obj
                0x10020530                time_us_64
 .text.busy_wait_until
                0x10020544       0x1c CMakeFiles/pico-atari.dir/C_/Program_Files/Raspberry_Pi/Pico_SDK_v1.5.1/pico-sdk/src/rp2_common/hardware_timer/timer.c.obj
                0x10020544                busy_wait_until
 .text.busy_wait_us
                0x10020560       0x2c CMakeFiles/pico-atari.dir/C_/Program_Files/Raspberry_Pi/Pico_SDK_v1.5.1/pico-sdk/src/rp2_common/hardware_timer/timer.c.obj
                0x10020560                busy_wait_us
 .text.hardware_alarm_set_callback
                0x1002058c       0x94 CMakeFiles/pico-atari.dir/C_/Program_Files/Raspberry_Pi/Pico_SDK_v1.5.1/pico-sdk/src/rp2_common/hardware_timer/timer.c.obj